../LWIP/Target/ethernetif.c:159:13:low_level_init	24	static
../LWIP/Target/ethernetif.c:259:14:low_level_output	88	static,ignoring_inline_asm
../LWIP/Target/ethernetif.c:308:22:low_level_input	24	static
../LWIP/Target/ethernetif.c:329:6:ethernetif_input	24	static
../LWIP/Target/ethernetif.c:379:7:ethernetif_init	16	static
../LWIP/Target/ethernetif.c:430:6:pbuf_free_custom	24	static
../LWIP/Target/ethernetif.c:452:7:sys_now	8	static
../LWIP/Target/ethernetif.c:465:6:HAL_ETH_MspInit	64	static
../LWIP/Target/ethernetif.c:530:6:HAL_ETH_MspDeInit	16	static
../LWIP/Target/ethernetif.c:578:9:ETH_PHY_IO_Init	8	static
../LWIP/Target/ethernetif.c:595:9:ETH_PHY_IO_DeInit	4	static
../LWIP/Target/ethernetif.c:608:9:ETH_PHY_IO_ReadReg	24	static
../LWIP/Target/ethernetif.c:619:9:ETH_PHY_IO_WriteReg	24	static
../LWIP/Target/ethernetif.c:635:9:ETH_PHY_IO_GetTick	8	static
../LWIP/Target/ethernetif.c:644:6:ethernet_link_check_state	136	static
../LWIP/Target/ethernetif.c:701:6:HAL_ETH_RxAllocateCallback	32	static
../LWIP/Target/ethernetif.c:723:6:HAL_ETH_RxLinkCallback	56	static,ignoring_inline_asm
../LWIP/Target/ethernetif.c:763:6:HAL_ETH_TxFreeCallback	16	static
