c:\st\stm32cubeide_1.11.0\stm32cubeide\plugins\com.st.stm32cube.ide.mcu.externaltools.gnu-tools-for-stm32.10.3-2021.10.win32_1.0.100.202210260954\tools\arm-none-eabi\include\c++\10.3.1\type_traits:3291:3:constexpr bool std::is_constant_evaluated()	4	static
c:\st\stm32cubeide_1.11.0\stm32cubeide\plugins\com.st.stm32cube.ide.mcu.externaltools.gnu-tools-for-stm32.10.3-2021.10.win32_1.0.100.202210260954\tools\arm-none-eabi\include\c++\10.3.1\compare:59:17:constexpr std::__cmp_cat::__unspec::__unspec(std::__cmp_cat::__unspec*)	16	static
c:\st\stm32cubeide_1.11.0\stm32cubeide\plugins\com.st.stm32cube.ide.mcu.externaltools.gnu-tools-for-stm32.10.3-2021.10.win32_1.0.100.202210260954\tools\arm-none-eabi\include\c++\10.3.1\compare:176:5:constexpr bool std::operator==(std::weak_ordering, std::__cmp_cat::__unspec)	16	static
c:\st\stm32cubeide_1.11.0\stm32cubeide\plugins\com.st.stm32cube.ide.mcu.externaltools.gnu-tools-for-stm32.10.3-2021.10.win32_1.0.100.202210260954\tools\arm-none-eabi\include\c++\10.3.1\compare:183:5:constexpr bool std::operator<(std::weak_ordering, std::__cmp_cat::__unspec)	16	static
c:\st\stm32cubeide_1.11.0\stm32cubeide\plugins\com.st.stm32cube.ide.mcu.externaltools.gnu-tools-for-stm32.10.3-2021.10.win32_1.0.100.202210260954\tools\arm-none-eabi\include\c++\10.3.1\new:174:33:void* operator new(std::size_t, void*)	16	static
c:\st\stm32cubeide_1.11.0\stm32cubeide\plugins\com.st.stm32cube.ide.mcu.externaltools.gnu-tools-for-stm32.10.3-2021.10.win32_1.0.100.202210260954\tools\arm-none-eabi\include\c++\10.3.1\bits\functional_hash.h:133:3:std::size_t std::hash<unsigned char>::operator()(unsigned char) const	16	static
c:\st\stm32cubeide_1.11.0\stm32cubeide\plugins\com.st.stm32cube.ide.mcu.externaltools.gnu-tools-for-stm32.10.3-2021.10.win32_1.0.100.202210260954\tools\arm-none-eabi\include\c++\10.3.1\bits\std_function.h:240:5:std::_Function_base::_Function_base()	16	static
c:\st\stm32cubeide_1.11.0\stm32cubeide\plugins\com.st.stm32cube.ide.mcu.externaltools.gnu-tools-for-stm32.10.3-2021.10.win32_1.0.100.202210260954\tools\arm-none-eabi\include\c++\10.3.1\bits\std_function.h:242:5:std::_Function_base::~_Function_base()	16	static
c:\st\stm32cubeide_1.11.0\stm32cubeide\plugins\com.st.stm32cube.ide.mcu.externaltools.gnu-tools-for-stm32.10.3-2021.10.win32_1.0.100.202210260954\tools\arm-none-eabi\include\c++\10.3.1\bits\std_function.h:248:10:bool std::_Function_base::_M_empty() const	16	static
c:\st\stm32cubeide_1.11.0\stm32cubeide\plugins\com.st.stm32cube.ide.mcu.externaltools.gnu-tools-for-stm32.10.3-2021.10.win32_1.0.100.202210260954\tools\arm-none-eabi\include\c++\10.3.1\bits\hashtable_policy.h:218:5:std::__detail::_Hash_node_base::_Hash_node_base()	16	static
c:\st\stm32cubeide_1.11.0\stm32cubeide\plugins\com.st.stm32cube.ide.mcu.externaltools.gnu-tools-for-stm32.10.3-2021.10.win32_1.0.100.202210260954\tools\arm-none-eabi\include\c++\10.3.1\bits\hashtable_policy.h:431:5:std::__detail::_Mod_range_hashing::result_type std::__detail::_Mod_range_hashing::operator()(std::__detail::_Mod_range_hashing::first_argument_type, std::__detail::_Mod_range_hashing::second_argument_type) const	24	static
c:\st\stm32cubeide_1.11.0\stm32cubeide\plugins\com.st.stm32cube.ide.mcu.externaltools.gnu-tools-for-stm32.10.3-2021.10.win32_1.0.100.202210260954\tools\arm-none-eabi\include\c++\10.3.1\bits\hashtable_policy.h:476:5:std::__detail::_Prime_rehash_policy::_State std::__detail::_Prime_rehash_policy::_M_state() const	16	static
c:\st\stm32cubeide_1.11.0\stm32cubeide\plugins\com.st.stm32cube.ide.mcu.externaltools.gnu-tools-for-stm32.10.3-2021.10.win32_1.0.100.202210260954\tools\arm-none-eabi\include\c++\10.3.1\bits\stl_algobase.h:230:5:constexpr const _Tp& std::min(const _Tp&, const _Tp&) [with _Tp = unsigned int]	16	static
c:\st\stm32cubeide_1.11.0\stm32cubeide\plugins\com.st.stm32cube.ide.mcu.externaltools.gnu-tools-for-stm32.10.3-2021.10.win32_1.0.100.202210260954\tools\arm-none-eabi\include\c++\10.3.1\optional:100:3:void std::__throw_bad_optional_access()	8	static
c:\st\stm32cubeide_1.11.0\stm32cubeide\plugins\com.st.stm32cube.ide.mcu.externaltools.gnu-tools-for-stm32.10.3-2021.10.win32_1.0.100.202210260954\tools\arm-none-eabi\include\c++\10.3.1\bits\stl_tree.h:206:5:void std::_Rb_tree_header::_M_reset()	16	static
c:\st\stm32cubeide_1.11.0\stm32cubeide\plugins\com.st.stm32cube.ide.mcu.externaltools.gnu-tools-for-stm32.10.3-2021.10.win32_1.0.100.202210260954\tools\bin\../lib/gcc/arm-none-eabi/10.3.1/../../../../arm-none-eabi/include/c++/10.3.1/arm-none-eabi/thumb/v7e-m+dp/hard/bits/gthr-default.h:229:1:int __gthread_key_delete(__gthread_key_t)	16	static
c:\st\stm32cubeide_1.11.0\stm32cubeide\plugins\com.st.stm32cube.ide.mcu.externaltools.gnu-tools-for-stm32.10.3-2021.10.win32_1.0.100.202210260954\tools\arm-none-eabi\include\c++\10.3.1\bits\stl_vector.h:128:14:constexpr std::_Vector_base<long unsigned int, std::allocator<long unsigned int> >::_Vector_impl::~_Vector_impl()	16	static
c:\st\stm32cubeide_1.11.0\stm32cubeide\plugins\com.st.stm32cube.ide.mcu.externaltools.gnu-tools-for-stm32.10.3-2021.10.win32_1.0.100.202210260954\tools\arm-none-eabi\include\c++\10.3.1\bits\stl_vector.h:288:7:std::_Vector_base<_Tp, _Alloc>::_Vector_base() [with _Tp = long unsigned int; _Alloc = std::allocator<long unsigned int>]	16	static
c:\st\stm32cubeide_1.11.0\stm32cubeide\plugins\com.st.stm32cube.ide.mcu.externaltools.gnu-tools-for-stm32.10.3-2021.10.win32_1.0.100.202210260954\tools\arm-none-eabi\include\c++\10.3.1\bits\stl_vector.h:487:7:std::vector<_Tp, _Alloc>::vector() [with _Tp = long unsigned int; _Alloc = std::allocator<long unsigned int>]	16	static
C:/Users/dougk/OneDrive/Escritorio/Firmware_workspace/ST-LIB/Inc/HALAL/Models/PinModel/Pin.hpp:98:7:bool Pin::operator<(const Pin&) const	16	static
C:/Users/dougk/OneDrive/Escritorio/Firmware_workspace/ST-LIB/Inc/HALAL/Models/LowPowerTimer/LowPowerTimer.hpp:21:2:LowPowerTimer::LowPowerTimer(LPTIM_TypeDef*, LPTIM_HandleTypeDef*, uint16_t)	24	static
c:\st\stm32cubeide_1.11.0\stm32cubeide\plugins\com.st.stm32cube.ide.mcu.externaltools.gnu-tools-for-stm32.10.3-2021.10.win32_1.0.100.202210260954\tools\arm-none-eabi\include\c++\10.3.1\bits\std_function.h:303:11:std::function<void()>::~function()	16	static
C:/Users/dougk/OneDrive/Escritorio/Firmware_workspace/ST-LIB/Inc/HALAL/Services/ADC/ADC.hpp:25:9:ADC::InitData::~InitData()	16	static
C:/Users/dougk/OneDrive/Escritorio/Firmware_workspace/ST-LIB/Inc/HALAL/Services/ADC/ADC.hpp:35:8:ADC::Peripheral::~Peripheral()	16	static
../Core/Src/Runes/ADC_runes.hpp:36:6:void setup_adc_runes()	928	static
C:/Users/dougk/OneDrive/Escritorio/Firmware_workspace/ST-LIB/Inc/HALAL/Models/TimerPeripheral/TimerPeripheral.hpp:17:9:TimerPeripheral::InitData::InitData(const TimerPeripheral::InitData&)	16	static
C:/Users/dougk/OneDrive/Escritorio/Firmware_workspace/ST-LIB/Inc/HALAL/Models/TimerPeripheral/TimerPeripheral.hpp:17:9:TimerPeripheral::InitData::~InitData()	16	static
../Core/Src/Runes/Timer_runes.hpp:36:6:void setup_timer_runes()	1152	static
c:\st\stm32cubeide_1.11.0\stm32cubeide\plugins\com.st.stm32cube.ide.mcu.externaltools.gnu-tools-for-stm32.10.3-2021.10.win32_1.0.100.202210260954\tools\arm-none-eabi\include\c++\10.3.1\bits\stl_pair.h:352:12:constexpr std::pair<_T1, _T2>::pair(_U1&&, _U2&&) [with _U1 = SPI::Peripheral&; _U2 = SPI::Instance*; typename std::enable_if<(std::_PCC<true, _T1, _T2>::_MoveConstructiblePair<_U1, _U2>() && std::_PCC<true, _T1, _T2>::_ImplicitlyMoveConvertiblePair<_U1, _U2>()), bool>::type <anonymous> = true; _T1 = const SPI::Peripheral; _T2 = SPI::Instance*]	24	static
c:\st\stm32cubeide_1.11.0\stm32cubeide\plugins\com.st.stm32cube.ide.mcu.externaltools.gnu-tools-for-stm32.10.3-2021.10.win32_1.0.100.202210260954\tools\arm-none-eabi\include\c++\10.3.1\bits\move.h:76:5:constexpr _Tp&& std::forward(typename std::remove_reference<_Tp>::type&) [with _Tp = SPI::Peripheral&]	16	static
../Core/Src/Runes/SPI_runes.hpp:7:6:void setup_spi_runes()	40	static
c:\st\stm32cubeide_1.11.0\stm32cubeide\plugins\com.st.stm32cube.ide.mcu.externaltools.gnu-tools-for-stm32.10.3-2021.10.win32_1.0.100.202210260954\tools\arm-none-eabi\include\c++\10.3.1\bits\stl_pair.h:352:12:constexpr std::pair<_T1, _T2>::pair(_U1&&, _U2&&) [with _U1 = UART::Peripheral&; _U2 = UART::Instance*; typename std::enable_if<(std::_PCC<true, _T1, _T2>::_MoveConstructiblePair<_U1, _U2>() && std::_PCC<true, _T1, _T2>::_ImplicitlyMoveConvertiblePair<_U1, _U2>()), bool>::type <anonymous> = true; _T1 = const UART::Peripheral; _T2 = UART::Instance*]	24	static
c:\st\stm32cubeide_1.11.0\stm32cubeide\plugins\com.st.stm32cube.ide.mcu.externaltools.gnu-tools-for-stm32.10.3-2021.10.win32_1.0.100.202210260954\tools\arm-none-eabi\include\c++\10.3.1\bits\move.h:76:5:constexpr _Tp&& std::forward(typename std::remove_reference<_Tp>::type&) [with _Tp = UART::Peripheral&]	16	static
../Core/Src/Runes/UART_runes.hpp:8:6:void setup_uart_runes()	120	static
C:/Users/dougk/OneDrive/Escritorio/Firmware_workspace/ST-LIB/Inc/HALAL/Models/TimerPeripheral/TimerPeripheral.hpp:15:7:TimerPeripheral::~TimerPeripheral()	16	static
../Core/Src/Runes/Encoder_runes.hpp:9:6:void setup_encoder_runes()	56	static
../Core/Src/Runes/InputCapture_runes.hpp:7:6:void setup_input_capture_runes()	96	static
C:/Users/dougk/OneDrive/Escritorio/Firmware_workspace/ST-LIB/Inc/HALAL/Services/EXTI/EXTI.hpp:16:8:ExternalInterrupt::Instance::~Instance()	16	static
c:\st\stm32cubeide_1.11.0\stm32cubeide\plugins\com.st.stm32cube.ide.mcu.externaltools.gnu-tools-for-stm32.10.3-2021.10.win32_1.0.100.202210260954\tools\arm-none-eabi\include\c++\10.3.1\bits\stl_pair.h:211:12:std::pair<const short unsigned int, ExternalInterrupt::Instance>::~pair()	16	static
../Core/Src/Runes/EXTI_runes.hpp:8:6:void setup_exti_runes()	128	static
../Core/Src/Runes/Runes.hpp:19:6:void setup_runes()	8	static
../Core/Src/main.cpp:123:6:void HAL_FDCAN_RxFifo0Callback(FDCAN_HandleTypeDef*, uint32_t)	16	static
../Core/Src/main.cpp:131:6:void led_update()	4	static
../Core/Src/main.cpp:135:5:int main()	200	static
../Core/Src/main.cpp:296:6:void SystemClock_Config()	120	static
../Core/Src/main.cpp:359:6:void PeriphCommonClock_Config()	192	static
../Core/Src/main.cpp:382:6:void MX_DMA_Init()	16	static
../Core/Src/main.cpp:401:6:void MX_LPTIM1_Init()	8	static
../Core/Src/main.cpp:435:6:void MX_LPTIM2_Init()	8	static
../Core/Src/main.cpp:464:6:void MX_FDCAN1_Init()	8	static
../Core/Src/main.cpp:512:6:void MX_LPTIM3_Init()	8	static
../Core/Src/main.cpp:538:6:void Error_Handler()	4	static,ignoring_inline_asm
../Core/Src/main.cpp:549:6:void MX_TIM1_Init()	104	static
../Core/Src/main.cpp:631:6:void MX_TIM2_Init()	40	static
../Core/Src/main.cpp:676:6:void MX_TIM3_Init()	48	static
../Core/Src/main.cpp:737:6:void MX_TIM4_Init()	48	static
../Core/Src/main.cpp:798:6:void MX_TIM5_Init()	40	static
../Core/Src/main.cpp:843:6:void MX_TIM6_Init()	24	static
../Core/Src/main.cpp:881:6:void MX_TIM8_Init()	56	static
../Core/Src/main.cpp:932:6:void MX_TIM12_Init()	40	static
../Core/Src/main.cpp:978:6:void MX_TIM15_Init()	104	static
../Core/Src/main.cpp:1048:6:void MX_TIM16_Init()	88	static
../Core/Src/main.cpp:1111:6:void MX_TIM17_Init()	88	static
../Core/Src/main.cpp:1174:6:void MX_TIM23_Init()	64	static
../Core/Src/main.cpp:1244:6:void MX_TIM24_Init()	40	static
c:\st\stm32cubeide_1.11.0\stm32cubeide\plugins\com.st.stm32cube.ide.mcu.externaltools.gnu-tools-for-stm32.10.3-2021.10.win32_1.0.100.202210260954\tools\arm-none-eabi\include\c++\10.3.1\bits\stl_vector.h:131:2:std::_Vector_base<_Tp, _Alloc>::_Vector_impl::_Vector_impl() [with _Tp = long unsigned int; _Alloc = std::allocator<long unsigned int>]	16	static
c:\st\stm32cubeide_1.11.0\stm32cubeide\plugins\com.st.stm32cube.ide.mcu.externaltools.gnu-tools-for-stm32.10.3-2021.10.win32_1.0.100.202210260954\tools\arm-none-eabi\include\c++\10.3.1\bits\allocator.h:182:7:constexpr std::allocator< <template-parameter-1-1> >::~allocator() [with _Tp = long unsigned int]	16	static
c:\st\stm32cubeide_1.11.0\stm32cubeide\plugins\com.st.stm32cube.ide.mcu.externaltools.gnu-tools-for-stm32.10.3-2021.10.win32_1.0.100.202210260954\tools\arm-none-eabi\include\c++\10.3.1\bits\stl_vector.h:333:7:std::_Vector_base<_Tp, _Alloc>::~_Vector_base() [with _Tp = long unsigned int; _Alloc = std::allocator<long unsigned int>]	16	static
c:\st\stm32cubeide_1.11.0\stm32cubeide\plugins\com.st.stm32cube.ide.mcu.externaltools.gnu-tools-for-stm32.10.3-2021.10.win32_1.0.100.202210260954\tools\arm-none-eabi\include\c++\10.3.1\bits\stl_vector.h:678:7:std::vector<_Tp, _Alloc>::~vector() [with _Tp = long unsigned int; _Alloc = std::allocator<long unsigned int>]	24	static
c:\st\stm32cubeide_1.11.0\stm32cubeide\plugins\com.st.stm32cube.ide.mcu.externaltools.gnu-tools-for-stm32.10.3-2021.10.win32_1.0.100.202210260954\tools\arm-none-eabi\include\c++\10.3.1\bits\stl_vector.h:918:7:std::vector<_Tp, _Alloc>::size_type std::vector<_Tp, _Alloc>::size() const [with _Tp = long unsigned int; _Alloc = std::allocator<long unsigned int>]	16	static
../Core/Src/Runes/ADC_runes.hpp:30:6:void copy_args(T*, const std::initializer_list<_Tp>&) [with T = long unsigned int]	40	static
C:/Users/dougk/OneDrive/Escritorio/Firmware_workspace/ST-LIB/Inc/HALAL/Services/ADC/ADC.hpp:25:9:ADC::InitData& ADC::InitData::operator=(const ADC::InitData&)	16	static
C:/Users/dougk/OneDrive/Escritorio/Firmware_workspace/ST-LIB/Inc/HALAL/Services/ADC/ADC.hpp:35:8:ADC::Peripheral& ADC::Peripheral::operator=(const ADC::Peripheral&)	16	static
../Core/Src/Runes/ADC_runes.hpp:30:6:void copy_args(T*, const std::initializer_list<_Tp>&) [with T = ADC::Peripheral]	40	static
c:\st\stm32cubeide_1.11.0\stm32cubeide\plugins\com.st.stm32cube.ide.mcu.externaltools.gnu-tools-for-stm32.10.3-2021.10.win32_1.0.100.202210260954\tools\arm-none-eabi\include\c++\10.3.1\bits\stl_pair.h:352:12:constexpr std::pair<_T1, _T2>::pair(_U1&&, _U2&&) [with _U1 = Pin&; _U2 = ADC::Instance; typename std::enable_if<(std::_PCC<true, _T1, _T2>::_MoveConstructiblePair<_U1, _U2>() && std::_PCC<true, _T1, _T2>::_ImplicitlyMoveConvertiblePair<_U1, _U2>()), bool>::type <anonymous> = true; _T1 = const Pin; _T2 = ADC::Instance]	24	static
c:\st\stm32cubeide_1.11.0\stm32cubeide\plugins\com.st.stm32cube.ide.mcu.externaltools.gnu-tools-for-stm32.10.3-2021.10.win32_1.0.100.202210260954\tools\arm-none-eabi\include\c++\10.3.1\bits\stl_map.h:337:7:std::map<_Key, _Tp, _Compare, _Alloc>& std::map<_Key, _Tp, _Compare, _Alloc>::operator=(std::initializer_list<std::pair<const _Key, _Tp> >) [with _Key = Pin; _Tp = ADC::Instance; _Compare = std::less<Pin>; _Alloc = std::allocator<std::pair<const Pin, ADC::Instance> >]	32	static
c:\st\stm32cubeide_1.11.0\stm32cubeide\plugins\com.st.stm32cube.ide.mcu.externaltools.gnu-tools-for-stm32.10.3-2021.10.win32_1.0.100.202210260954\tools\arm-none-eabi\include\c++\10.3.1\bits\stl_vector.h:553:7:std::vector<_Tp, _Alloc>::vector(const std::vector<_Tp, _Alloc>&) [with _Tp = long unsigned int; _Alloc = std::allocator<long unsigned int>]	40	static
c:\st\stm32cubeide_1.11.0\stm32cubeide\plugins\com.st.stm32cube.ide.mcu.externaltools.gnu-tools-for-stm32.10.3-2021.10.win32_1.0.100.202210260954\tools\arm-none-eabi\include\c++\10.3.1\bits\stl_vector.h:553:7:std::vector<_Tp, _Alloc>::vector(const std::vector<_Tp, _Alloc>&) [with _Tp = std::pair<long unsigned int, long unsigned int>; _Alloc = std::allocator<std::pair<long unsigned int, long unsigned int> >]	40	static
c:\st\stm32cubeide_1.11.0\stm32cubeide\plugins\com.st.stm32cube.ide.mcu.externaltools.gnu-tools-for-stm32.10.3-2021.10.win32_1.0.100.202210260954\tools\arm-none-eabi\include\c++\10.3.1\bits\stl_vector.h:678:7:std::vector<_Tp, _Alloc>::~vector() [with _Tp = std::pair<long unsigned int, long unsigned int>; _Alloc = std::allocator<std::pair<long unsigned int, long unsigned int> >]	24	static
c:\st\stm32cubeide_1.11.0\stm32cubeide\plugins\com.st.stm32cube.ide.mcu.externaltools.gnu-tools-for-stm32.10.3-2021.10.win32_1.0.100.202210260954\tools\arm-none-eabi\include\c++\10.3.1\bits\stl_pair.h:352:12:constexpr std::pair<_T1, _T2>::pair(_U1&&, _U2&&) [with _U1 = Pin&; _U2 = Pin&; typename std::enable_if<(std::_PCC<true, _T1, _T2>::_MoveConstructiblePair<_U1, _U2>() && std::_PCC<true, _T1, _T2>::_ImplicitlyMoveConvertiblePair<_U1, _U2>()), bool>::type <anonymous> = true; _T1 = Pin; _T2 = Pin]	24	static
c:\st\stm32cubeide_1.11.0\stm32cubeide\plugins\com.st.stm32cube.ide.mcu.externaltools.gnu-tools-for-stm32.10.3-2021.10.win32_1.0.100.202210260954\tools\arm-none-eabi\include\c++\10.3.1\bits\stl_pair.h:336:18:constexpr std::pair<_T1, _T2>::pair(const _T1&, _U2&&) [with _U2 = PWMservice::Instance; typename std::enable_if<std::_PCC<true, _T1, _T2>::_CopyMovePair<true, _T1, _U2>(), bool>::type <anonymous> = true; _T1 = const std::pair<Pin, Pin>; _T2 = PWMservice::Instance]	32	static
c:\st\stm32cubeide_1.11.0\stm32cubeide\plugins\com.st.stm32cube.ide.mcu.externaltools.gnu-tools-for-stm32.10.3-2021.10.win32_1.0.100.202210260954\tools\arm-none-eabi\include\c++\10.3.1\bits\stl_map.h:337:7:std::map<_Key, _Tp, _Compare, _Alloc>& std::map<_Key, _Tp, _Compare, _Alloc>::operator=(std::initializer_list<std::pair<const _Key, _Tp> >) [with _Key = std::pair<Pin, Pin>; _Tp = PWMservice::Instance; _Compare = std::less<std::pair<Pin, Pin> >; _Alloc = std::allocator<std::pair<const std::pair<Pin, Pin>, PWMservice::Instance> >]	32	static
c:\st\stm32cubeide_1.11.0\stm32cubeide\plugins\com.st.stm32cube.ide.mcu.externaltools.gnu-tools-for-stm32.10.3-2021.10.win32_1.0.100.202210260954\tools\arm-none-eabi\include\c++\10.3.1\bits\stl_map.h:337:7:std::map<_Key, _Tp, _Compare, _Alloc>& std::map<_Key, _Tp, _Compare, _Alloc>::operator=(std::initializer_list<std::pair<const _Key, _Tp> >) [with _Key = Pin; _Tp = PWMservice::Instance; _Compare = std::less<Pin>; _Alloc = std::allocator<std::pair<const Pin, PWMservice::Instance> >]	32	static
c:\st\stm32cubeide_1.11.0\stm32cubeide\plugins\com.st.stm32cube.ide.mcu.externaltools.gnu-tools-for-stm32.10.3-2021.10.win32_1.0.100.202210260954\tools\arm-none-eabi\include\c++\10.3.1\bits\stl_pair.h:352:12:constexpr std::pair<_T1, _T2>::pair(_U1&&, _U2&&) [with _U1 = Pin&; _U2 = PWMservice::Instance; typename std::enable_if<(std::_PCC<true, _T1, _T2>::_MoveConstructiblePair<_U1, _U2>() && std::_PCC<true, _T1, _T2>::_ImplicitlyMoveConvertiblePair<_U1, _U2>()), bool>::type <anonymous> = true; _T1 = const Pin; _T2 = PWMservice::Instance]	24	static
c:\st\stm32cubeide_1.11.0\stm32cubeide\plugins\com.st.stm32cube.ide.mcu.externaltools.gnu-tools-for-stm32.10.3-2021.10.win32_1.0.100.202210260954\tools\arm-none-eabi\include\c++\10.3.1\bits\stl_vector.h:730:7:std::vector<_Tp, _Alloc>& std::vector<_Tp, _Alloc>::operator=(std::initializer_list<_Tp>) [with _Tp = std::reference_wrapper<TimerPeripheral>; _Alloc = std::allocator<std::reference_wrapper<TimerPeripheral> >]	40	static
c:\st\stm32cubeide_1.11.0\stm32cubeide\plugins\com.st.stm32cube.ide.mcu.externaltools.gnu-tools-for-stm32.10.3-2021.10.win32_1.0.100.202210260954\tools\arm-none-eabi\include\c++\10.3.1\bits\move.h:76:5:constexpr _Tp&& std::forward(typename std::remove_reference<_Tp>::type&) [with _Tp = SPI::Instance*]	16	static
c:\st\stm32cubeide_1.11.0\stm32cubeide\plugins\com.st.stm32cube.ide.mcu.externaltools.gnu-tools-for-stm32.10.3-2021.10.win32_1.0.100.202210260954\tools\arm-none-eabi\include\c++\10.3.1\bits\unordered_map.h:290:7:std::unordered_map<_Key, _Tp, _Hash, _Pred, _Alloc>& std::unordered_map<_Key, _Tp, _Hash, _Pred, _Alloc>::operator=(std::initializer_list<typename std::_Hashtable<_Key, std::pair<const _Key, _Tp>, _Alloc, std::__detail::_Select1st, _Pred, _Hash, std::__detail::_Mod_range_hashing, std::__detail::_Default_ranged_hash, std::__detail::_Prime_rehash_policy, std::__detail::_Hashtable_traits<std::__not_<std::__and_<std::__is_fast_hash<_Hash>, std::__is_nothrow_invocable<const _Hash&, const _Key&> > >::value, false, true> >::value_type>) [with _Key = SPI::Peripheral; _Tp = SPI::Instance*; _Hash = std::hash<SPI::Peripheral>; _Pred = std::equal_to<SPI::Peripheral>; _Alloc = std::allocator<std::pair<const SPI::Peripheral, SPI::Instance*> >]	24	static
c:\st\stm32cubeide_1.11.0\stm32cubeide\plugins\com.st.stm32cube.ide.mcu.externaltools.gnu-tools-for-stm32.10.3-2021.10.win32_1.0.100.202210260954\tools\arm-none-eabi\include\c++\10.3.1\bits\move.h:76:5:constexpr _Tp&& std::forward(typename std::remove_reference<_Tp>::type&) [with _Tp = UART::Instance*]	16	static
c:\st\stm32cubeide_1.11.0\stm32cubeide\plugins\com.st.stm32cube.ide.mcu.externaltools.gnu-tools-for-stm32.10.3-2021.10.win32_1.0.100.202210260954\tools\arm-none-eabi\include\c++\10.3.1\bits\unordered_map.h:290:7:std::unordered_map<_Key, _Tp, _Hash, _Pred, _Alloc>& std::unordered_map<_Key, _Tp, _Hash, _Pred, _Alloc>::operator=(std::initializer_list<typename std::_Hashtable<_Key, std::pair<const _Key, _Tp>, _Alloc, std::__detail::_Select1st, _Pred, _Hash, std::__detail::_Mod_range_hashing, std::__detail::_Default_ranged_hash, std::__detail::_Prime_rehash_policy, std::__detail::_Hashtable_traits<std::__not_<std::__and_<std::__is_fast_hash<_Hash>, std::__is_nothrow_invocable<const _Hash&, const _Key&> > >::value, false, true> >::value_type>) [with _Key = UART::Peripheral; _Tp = UART::Instance*; _Hash = std::hash<UART::Peripheral>; _Pred = std::equal_to<UART::Peripheral>; _Alloc = std::allocator<std::pair<const UART::Peripheral, UART::Instance*> >]	24	static
c:\st\stm32cubeide_1.11.0\stm32cubeide\plugins\com.st.stm32cube.ide.mcu.externaltools.gnu-tools-for-stm32.10.3-2021.10.win32_1.0.100.202210260954\tools\arm-none-eabi\include\c++\10.3.1\bits\stl_pair.h:336:18:constexpr std::pair<_T1, _T2>::pair(const _T1&, _U2&&) [with _U2 = TimerPeripheral*; typename std::enable_if<std::_PCC<true, _T1, _T2>::_CopyMovePair<true, _T1, _U2>(), bool>::type <anonymous> = true; _T1 = const std::pair<Pin, Pin>; _T2 = TimerPeripheral*]	32	static
c:\st\stm32cubeide_1.11.0\stm32cubeide\plugins\com.st.stm32cube.ide.mcu.externaltools.gnu-tools-for-stm32.10.3-2021.10.win32_1.0.100.202210260954\tools\arm-none-eabi\include\c++\10.3.1\bits\stl_map.h:337:7:std::map<_Key, _Tp, _Compare, _Alloc>& std::map<_Key, _Tp, _Compare, _Alloc>::operator=(std::initializer_list<std::pair<const _Key, _Tp> >) [with _Key = std::pair<Pin, Pin>; _Tp = TimerPeripheral*; _Compare = std::less<std::pair<Pin, Pin> >; _Alloc = std::allocator<std::pair<const std::pair<Pin, Pin>, TimerPeripheral*> >]	32	static
c:\st\stm32cubeide_1.11.0\stm32cubeide\plugins\com.st.stm32cube.ide.mcu.externaltools.gnu-tools-for-stm32.10.3-2021.10.win32_1.0.100.202210260954\tools\arm-none-eabi\include\c++\10.3.1\bits\stl_pair.h:352:12:constexpr std::pair<_T1, _T2>::pair(_U1&&, _U2&&) [with _U1 = Pin&; _U2 = InputCapture::Instance; typename std::enable_if<(std::_PCC<true, _T1, _T2>::_MoveConstructiblePair<_U1, _U2>() && std::_PCC<true, _T1, _T2>::_ImplicitlyMoveConvertiblePair<_U1, _U2>()), bool>::type <anonymous> = true; _T1 = const Pin; _T2 = InputCapture::Instance]	32	static
c:\st\stm32cubeide_1.11.0\stm32cubeide\plugins\com.st.stm32cube.ide.mcu.externaltools.gnu-tools-for-stm32.10.3-2021.10.win32_1.0.100.202210260954\tools\arm-none-eabi\include\c++\10.3.1\bits\stl_map.h:337:7:std::map<_Key, _Tp, _Compare, _Alloc>& std::map<_Key, _Tp, _Compare, _Alloc>::operator=(std::initializer_list<std::pair<const _Key, _Tp> >) [with _Key = Pin; _Tp = InputCapture::Instance; _Compare = std::less<Pin>; _Alloc = std::allocator<std::pair<const Pin, InputCapture::Instance> >]	32	static
c:\st\stm32cubeide_1.11.0\stm32cubeide\plugins\com.st.stm32cube.ide.mcu.externaltools.gnu-tools-for-stm32.10.3-2021.10.win32_1.0.100.202210260954\tools\arm-none-eabi\include\c++\10.3.1\bits\move.h:76:5:constexpr _Tp&& std::forward(typename std::remove_reference<_Tp>::type&) [with _Tp = GPIOPin&]	16	static
C:/Users/dougk/OneDrive/Escritorio/Firmware_workspace/ST-LIB/Inc/HALAL/Services/EXTI/EXTI.hpp:16:8:ExternalInterrupt::Instance::Instance(ExternalInterrupt::Instance&&)	16	static
c:\st\stm32cubeide_1.11.0\stm32cubeide\plugins\com.st.stm32cube.ide.mcu.externaltools.gnu-tools-for-stm32.10.3-2021.10.win32_1.0.100.202210260954\tools\arm-none-eabi\include\c++\10.3.1\bits\stl_pair.h:352:12:constexpr std::pair<_T1, _T2>::pair(_U1&&, _U2&&) [with _U1 = GPIOPin&; _U2 = ExternalInterrupt::Instance; typename std::enable_if<(std::_PCC<true, _T1, _T2>::_MoveConstructiblePair<_U1, _U2>() && std::_PCC<true, _T1, _T2>::_ImplicitlyMoveConvertiblePair<_U1, _U2>()), bool>::type <anonymous> = true; _T1 = const short unsigned int; _T2 = ExternalInterrupt::Instance]	32	static
c:\st\stm32cubeide_1.11.0\stm32cubeide\plugins\com.st.stm32cube.ide.mcu.externaltools.gnu-tools-for-stm32.10.3-2021.10.win32_1.0.100.202210260954\tools\arm-none-eabi\include\c++\10.3.1\bits\stl_map.h:337:7:std::map<_Key, _Tp, _Compare, _Alloc>& std::map<_Key, _Tp, _Compare, _Alloc>::operator=(std::initializer_list<std::pair<const _Key, _Tp> >) [with _Key = short unsigned int; _Tp = ExternalInterrupt::Instance; _Compare = std::less<short unsigned int>; _Alloc = std::allocator<std::pair<const short unsigned int, ExternalInterrupt::Instance> >]	32	static
c:\st\stm32cubeide_1.11.0\stm32cubeide\plugins\com.st.stm32cube.ide.mcu.externaltools.gnu-tools-for-stm32.10.3-2021.10.win32_1.0.100.202210260954\tools\arm-none-eabi\include\c++\10.3.1\optional:433:22:constexpr bool std::_Optional_base_impl<_Tp, _Dp>::_M_is_engaged() const [with _Tp = unsigned char; _Dp = std::_Optional_base<unsigned char, true, true>]	16	static
c:\st\stm32cubeide_1.11.0\stm32cubeide\plugins\com.st.stm32cube.ide.mcu.externaltools.gnu-tools-for-stm32.10.3-2021.10.win32_1.0.100.202210260954\tools\arm-none-eabi\include\c++\10.3.1\optional:936:7:constexpr _Tp&& std::optional<_Tp>::value() && [with _Tp = unsigned char]	16	static
c:\st\stm32cubeide_1.11.0\stm32cubeide\plugins\com.st.stm32cube.ide.mcu.externaltools.gnu-tools-for-stm32.10.3-2021.10.win32_1.0.100.202210260954\tools\arm-none-eabi\include\c++\10.3.1\optional:433:22:constexpr bool std::_Optional_base_impl<_Tp, _Dp>::_M_is_engaged() const [with _Tp = float; _Dp = std::_Optional_base<float, true, true>]	16	static
c:\st\stm32cubeide_1.11.0\stm32cubeide\plugins\com.st.stm32cube.ide.mcu.externaltools.gnu-tools-for-stm32.10.3-2021.10.win32_1.0.100.202210260954\tools\arm-none-eabi\include\c++\10.3.1\optional:936:7:constexpr _Tp&& std::optional<_Tp>::value() && [with _Tp = float]	16	static
c:\st\stm32cubeide_1.11.0\stm32cubeide\plugins\com.st.stm32cube.ide.mcu.externaltools.gnu-tools-for-stm32.10.3-2021.10.win32_1.0.100.202210260954\tools\arm-none-eabi\include\c++\10.3.1\optional:433:22:constexpr bool std::_Optional_base_impl<_Tp, _Dp>::_M_is_engaged() const [with _Tp = PinState; _Dp = std::_Optional_base<PinState, true, true>]	16	static
c:\st\stm32cubeide_1.11.0\stm32cubeide\plugins\com.st.stm32cube.ide.mcu.externaltools.gnu-tools-for-stm32.10.3-2021.10.win32_1.0.100.202210260954\tools\arm-none-eabi\include\c++\10.3.1\optional:936:7:constexpr _Tp&& std::optional<_Tp>::value() && [with _Tp = PinState]	16	static
c:\st\stm32cubeide_1.11.0\stm32cubeide\plugins\com.st.stm32cube.ide.mcu.externaltools.gnu-tools-for-stm32.10.3-2021.10.win32_1.0.100.202210260954\tools\arm-none-eabi\include\c++\10.3.1\bits\move.h:76:5:constexpr _Tp&& std::forward(typename std::remove_reference<_Tp>::type&) [with _Tp = bool]	16	static
c:\st\stm32cubeide_1.11.0\stm32cubeide\plugins\com.st.stm32cube.ide.mcu.externaltools.gnu-tools-for-stm32.10.3-2021.10.win32_1.0.100.202210260954\tools\arm-none-eabi\include\c++\10.3.1\bits\allocator.h:164:7:constexpr std::allocator< <template-parameter-1-1> >::allocator() [with _Tp = long unsigned int]	16	static
c:\st\stm32cubeide_1.11.0\stm32cubeide\plugins\com.st.stm32cube.ide.mcu.externaltools.gnu-tools-for-stm32.10.3-2021.10.win32_1.0.100.202210260954\tools\arm-none-eabi\include\c++\10.3.1\bits\stl_vector.h:97:2:std::_Vector_base<_Tp, _Alloc>::_Vector_impl_data::_Vector_impl_data() [with _Tp = long unsigned int; _Alloc = std::allocator<long unsigned int>]	16	static
c:\st\stm32cubeide_1.11.0\stm32cubeide\plugins\com.st.stm32cube.ide.mcu.externaltools.gnu-tools-for-stm32.10.3-2021.10.win32_1.0.100.202210260954\tools\arm-none-eabi\include\c++\10.3.1\bits\stl_vector.h:350:7:void std::_Vector_base<_Tp, _Alloc>::_M_deallocate(std::_Vector_base<_Tp, _Alloc>::pointer, std::size_t) [with _Tp = long unsigned int; _Alloc = std::allocator<long unsigned int>]	24	static
c:\st\stm32cubeide_1.11.0\stm32cubeide\plugins\com.st.stm32cube.ide.mcu.externaltools.gnu-tools-for-stm32.10.3-2021.10.win32_1.0.100.202210260954\tools\arm-none-eabi\include\c++\10.3.1\bits\stl_vector.h:276:7:std::_Vector_base<_Tp, _Alloc>::_Tp_alloc_type& std::_Vector_base<_Tp, _Alloc>::_M_get_Tp_allocator() [with _Tp = long unsigned int; _Alloc = std::allocator<long unsigned int>]	16	static
c:\st\stm32cubeide_1.11.0\stm32cubeide\plugins\com.st.stm32cube.ide.mcu.externaltools.gnu-tools-for-stm32.10.3-2021.10.win32_1.0.100.202210260954\tools\arm-none-eabi\include\c++\10.3.1\bits\alloc_traits.h:735:5:void std::_Destroy(_ForwardIterator, _ForwardIterator, std::allocator<_T2>&) [with _ForwardIterator = long unsigned int*; _Tp = long unsigned int]	24	static
c:\st\stm32cubeide_1.11.0\stm32cubeide\plugins\com.st.stm32cube.ide.mcu.externaltools.gnu-tools-for-stm32.10.3-2021.10.win32_1.0.100.202210260954\tools\arm-none-eabi\include\c++\10.3.1\initializer_list:75:7:constexpr const _E* std::initializer_list<_E>::begin() const [with _E = long unsigned int]	16	static
c:\st\stm32cubeide_1.11.0\stm32cubeide\plugins\com.st.stm32cube.ide.mcu.externaltools.gnu-tools-for-stm32.10.3-2021.10.win32_1.0.100.202210260954\tools\arm-none-eabi\include\c++\10.3.1\initializer_list:79:7:constexpr const _E* std::initializer_list<_E>::end() const [with _E = long unsigned int]	24	static
c:\st\stm32cubeide_1.11.0\stm32cubeide\plugins\com.st.stm32cube.ide.mcu.externaltools.gnu-tools-for-stm32.10.3-2021.10.win32_1.0.100.202210260954\tools\arm-none-eabi\include\c++\10.3.1\initializer_list:75:7:constexpr const _E* std::initializer_list<_E>::begin() const [with _E = ADC::Peripheral]	16	static
c:\st\stm32cubeide_1.11.0\stm32cubeide\plugins\com.st.stm32cube.ide.mcu.externaltools.gnu-tools-for-stm32.10.3-2021.10.win32_1.0.100.202210260954\tools\arm-none-eabi\include\c++\10.3.1\initializer_list:79:7:constexpr const _E* std::initializer_list<_E>::end() const [with _E = ADC::Peripheral]	24	static
c:\st\stm32cubeide_1.11.0\stm32cubeide\plugins\com.st.stm32cube.ide.mcu.externaltools.gnu-tools-for-stm32.10.3-2021.10.win32_1.0.100.202210260954\tools\arm-none-eabi\include\c++\10.3.1\ext\alloc_traits.h:103:27:static constexpr bool __gnu_cxx::__alloc_traits<_Alloc, <template-parameter-1-2> >::_S_propagate_on_copy_assign() [with _Alloc = std::allocator<long unsigned int>; <template-parameter-1-2> = long unsigned int]	4	static
c:\st\stm32cubeide_1.11.0\stm32cubeide\plugins\com.st.stm32cube.ide.mcu.externaltools.gnu-tools-for-stm32.10.3-2021.10.win32_1.0.100.202210260954\tools\arm-none-eabi\include\c++\10.3.1\ext\alloc_traits.h:112:27:static constexpr bool __gnu_cxx::__alloc_traits<_Alloc, <template-parameter-1-2> >::_S_always_equal() [with _Alloc = std::allocator<long unsigned int>; <template-parameter-1-2> = long unsigned int]	4	static
c:\st\stm32cubeide_1.11.0\stm32cubeide\plugins\com.st.stm32cube.ide.mcu.externaltools.gnu-tools-for-stm32.10.3-2021.10.win32_1.0.100.202210260954\tools\arm-none-eabi\include\c++\10.3.1\bits\allocator.h:212:7:constexpr bool std::operator==(const std::allocator<long unsigned int>&, const std::allocator<long unsigned int>&)	16	static
c:\st\stm32cubeide_1.11.0\stm32cubeide\plugins\com.st.stm32cube.ide.mcu.externaltools.gnu-tools-for-stm32.10.3-2021.10.win32_1.0.100.202210260954\tools\arm-none-eabi\include\c++\10.3.1\bits\stl_algobase.h:560:5:constexpr _OI std::copy(_II, _II, _OI) [with _II = long unsigned int*; _OI = long unsigned int*]	32	static
c:\st\stm32cubeide_1.11.0\stm32cubeide\plugins\com.st.stm32cube.ide.mcu.externaltools.gnu-tools-for-stm32.10.3-2021.10.win32_1.0.100.202210260954\tools\arm-none-eabi\include\c++\10.3.1\bits\vector.tcc:198:5:std::vector<_Tp, _Alloc>& std::vector<_Tp, _Alloc>::operator=(const std::vector<_Tp, _Alloc>&) [with _Tp = long unsigned int; _Alloc = std::allocator<long unsigned int>]	40	static
c:\st\stm32cubeide_1.11.0\stm32cubeide\plugins\com.st.stm32cube.ide.mcu.externaltools.gnu-tools-for-stm32.10.3-2021.10.win32_1.0.100.202210260954\tools\arm-none-eabi\include\c++\10.3.1\bits\move.h:76:5:constexpr _Tp&& std::forward(typename std::remove_reference<_Tp>::type&) [with _Tp = Pin&]	16	static
c:\st\stm32cubeide_1.11.0\stm32cubeide\plugins\com.st.stm32cube.ide.mcu.externaltools.gnu-tools-for-stm32.10.3-2021.10.win32_1.0.100.202210260954\tools\arm-none-eabi\include\c++\10.3.1\bits\move.h:76:5:constexpr _Tp&& std::forward(typename std::remove_reference<_Tp>::type&) [with _Tp = ADC::Instance]	16	static
c:\st\stm32cubeide_1.11.0\stm32cubeide\plugins\com.st.stm32cube.ide.mcu.externaltools.gnu-tools-for-stm32.10.3-2021.10.win32_1.0.100.202210260954\tools\arm-none-eabi\include\c++\10.3.1\initializer_list:75:7:constexpr const _E* std::initializer_list<_E>::begin() const [with _E = std::pair<const Pin, ADC::Instance>]	16	static
c:\st\stm32cubeide_1.11.0\stm32cubeide\plugins\com.st.stm32cube.ide.mcu.externaltools.gnu-tools-for-stm32.10.3-2021.10.win32_1.0.100.202210260954\tools\arm-none-eabi\include\c++\10.3.1\initializer_list:79:7:constexpr const _E* std::initializer_list<_E>::end() const [with _E = std::pair<const Pin, ADC::Instance>]	24	static
c:\st\stm32cubeide_1.11.0\stm32cubeide\plugins\com.st.stm32cube.ide.mcu.externaltools.gnu-tools-for-stm32.10.3-2021.10.win32_1.0.100.202210260954\tools\arm-none-eabi\include\c++\10.3.1\bits\stl_tree.h:1739:7:void std::_Rb_tree<_Key, _Val, _KeyOfValue, _Compare, _Alloc>::_M_assign_unique(_Iterator, _Iterator) [with _Iterator = const std::pair<const Pin, ADC::Instance>*; _Key = Pin; _Val = std::pair<const Pin, ADC::Instance>; _KeyOfValue = std::_Select1st<std::pair<const Pin, ADC::Instance> >; _Compare = std::less<Pin>; _Alloc = std::allocator<std::pair<const Pin, ADC::Instance> >]	48	static
c:\st\stm32cubeide_1.11.0\stm32cubeide\plugins\com.st.stm32cube.ide.mcu.externaltools.gnu-tools-for-stm32.10.3-2021.10.win32_1.0.100.202210260954\tools\arm-none-eabi\include\c++\10.3.1\ext\alloc_traits.h:97:29:static constexpr _Alloc __gnu_cxx::__alloc_traits<_Alloc, <template-parameter-1-2> >::_S_select_on_copy(const _Alloc&) [with _Alloc = std::allocator<long unsigned int>; <template-parameter-1-2> = long unsigned int]	16	static
c:\st\stm32cubeide_1.11.0\stm32cubeide\plugins\com.st.stm32cube.ide.mcu.externaltools.gnu-tools-for-stm32.10.3-2021.10.win32_1.0.100.202210260954\tools\arm-none-eabi\include\c++\10.3.1\bits\stl_vector.h:280:7:const _Tp_alloc_type& std::_Vector_base<_Tp, _Alloc>::_M_get_Tp_allocator() const [with _Tp = long unsigned int; _Alloc = std::allocator<long unsigned int>]	16	static
c:\st\stm32cubeide_1.11.0\stm32cubeide\plugins\com.st.stm32cube.ide.mcu.externaltools.gnu-tools-for-stm32.10.3-2021.10.win32_1.0.100.202210260954\tools\arm-none-eabi\include\c++\10.3.1\bits\stl_vector.h:303:7:std::_Vector_base<_Tp, _Alloc>::_Vector_base(std::size_t, const allocator_type&) [with _Tp = long unsigned int; _Alloc = std::allocator<long unsigned int>]	24	static
c:\st\stm32cubeide_1.11.0\stm32cubeide\plugins\com.st.stm32cube.ide.mcu.externaltools.gnu-tools-for-stm32.10.3-2021.10.win32_1.0.100.202210260954\tools\arm-none-eabi\include\c++\10.3.1\bits\stl_vector.h:820:7:std::vector<_Tp, _Alloc>::const_iterator std::vector<_Tp, _Alloc>::begin() const [with _Tp = long unsigned int; _Alloc = std::allocator<long unsigned int>]	24	static
c:\st\stm32cubeide_1.11.0\stm32cubeide\plugins\com.st.stm32cube.ide.mcu.externaltools.gnu-tools-for-stm32.10.3-2021.10.win32_1.0.100.202210260954\tools\arm-none-eabi\include\c++\10.3.1\bits\stl_vector.h:838:7:std::vector<_Tp, _Alloc>::const_iterator std::vector<_Tp, _Alloc>::end() const [with _Tp = long unsigned int; _Alloc = std::allocator<long unsigned int>]	24	static
c:\st\stm32cubeide_1.11.0\stm32cubeide\plugins\com.st.stm32cube.ide.mcu.externaltools.gnu-tools-for-stm32.10.3-2021.10.win32_1.0.100.202210260954\tools\arm-none-eabi\include\c++\10.3.1\bits\stl_uninitialized.h:323:5:_ForwardIterator std::__uninitialized_copy_a(_InputIterator, _InputIterator, _ForwardIterator, std::allocator<_Tp>&) [with _InputIterator = __gnu_cxx::__normal_iterator<const long unsigned int*, std::vector<long unsigned int> >; _ForwardIterator = long unsigned int*; _Tp = long unsigned int]	24	static
c:\st\stm32cubeide_1.11.0\stm32cubeide\plugins\com.st.stm32cube.ide.mcu.externaltools.gnu-tools-for-stm32.10.3-2021.10.win32_1.0.100.202210260954\tools\arm-none-eabi\include\c++\10.3.1\bits\stl_vector.h:918:7:std::vector<_Tp, _Alloc>::size_type std::vector<_Tp, _Alloc>::size() const [with _Tp = std::pair<long unsigned int, long unsigned int>; _Alloc = std::allocator<std::pair<long unsigned int, long unsigned int> >]	16	static
c:\st\stm32cubeide_1.11.0\stm32cubeide\plugins\com.st.stm32cube.ide.mcu.externaltools.gnu-tools-for-stm32.10.3-2021.10.win32_1.0.100.202210260954\tools\arm-none-eabi\include\c++\10.3.1\ext\alloc_traits.h:97:29:static constexpr _Alloc __gnu_cxx::__alloc_traits<_Alloc, <template-parameter-1-2> >::_S_select_on_copy(const _Alloc&) [with _Alloc = std::allocator<std::pair<long unsigned int, long unsigned int> >; <template-parameter-1-2> = std::pair<long unsigned int, long unsigned int>]	16	static
c:\st\stm32cubeide_1.11.0\stm32cubeide\plugins\com.st.stm32cube.ide.mcu.externaltools.gnu-tools-for-stm32.10.3-2021.10.win32_1.0.100.202210260954\tools\arm-none-eabi\include\c++\10.3.1\bits\stl_vector.h:280:7:const _Tp_alloc_type& std::_Vector_base<_Tp, _Alloc>::_M_get_Tp_allocator() const [with _Tp = std::pair<long unsigned int, long unsigned int>; _Alloc = std::allocator<std::pair<long unsigned int, long unsigned int> >]	16	static
c:\st\stm32cubeide_1.11.0\stm32cubeide\plugins\com.st.stm32cube.ide.mcu.externaltools.gnu-tools-for-stm32.10.3-2021.10.win32_1.0.100.202210260954\tools\arm-none-eabi\include\c++\10.3.1\bits\allocator.h:182:7:constexpr std::allocator< <template-parameter-1-1> >::~allocator() [with _Tp = std::pair<long unsigned int, long unsigned int>]	16	static
c:\st\stm32cubeide_1.11.0\stm32cubeide\plugins\com.st.stm32cube.ide.mcu.externaltools.gnu-tools-for-stm32.10.3-2021.10.win32_1.0.100.202210260954\tools\arm-none-eabi\include\c++\10.3.1\bits\stl_vector.h:128:14:constexpr std::_Vector_base<std::pair<long unsigned int, long unsigned int>, std::allocator<std::pair<long unsigned int, long unsigned int> > >::_Vector_impl::~_Vector_impl()	16	static
c:\st\stm32cubeide_1.11.0\stm32cubeide\plugins\com.st.stm32cube.ide.mcu.externaltools.gnu-tools-for-stm32.10.3-2021.10.win32_1.0.100.202210260954\tools\arm-none-eabi\include\c++\10.3.1\bits\stl_vector.h:303:7:std::_Vector_base<_Tp, _Alloc>::_Vector_base(std::size_t, const allocator_type&) [with _Tp = std::pair<long unsigned int, long unsigned int>; _Alloc = std::allocator<std::pair<long unsigned int, long unsigned int> >]	24	static
c:\st\stm32cubeide_1.11.0\stm32cubeide\plugins\com.st.stm32cube.ide.mcu.externaltools.gnu-tools-for-stm32.10.3-2021.10.win32_1.0.100.202210260954\tools\arm-none-eabi\include\c++\10.3.1\bits\stl_vector.h:333:7:std::_Vector_base<_Tp, _Alloc>::~_Vector_base() [with _Tp = std::pair<long unsigned int, long unsigned int>; _Alloc = std::allocator<std::pair<long unsigned int, long unsigned int> >]	16	static
c:\st\stm32cubeide_1.11.0\stm32cubeide\plugins\com.st.stm32cube.ide.mcu.externaltools.gnu-tools-for-stm32.10.3-2021.10.win32_1.0.100.202210260954\tools\arm-none-eabi\include\c++\10.3.1\bits\stl_vector.h:820:7:std::vector<_Tp, _Alloc>::const_iterator std::vector<_Tp, _Alloc>::begin() const [with _Tp = std::pair<long unsigned int, long unsigned int>; _Alloc = std::allocator<std::pair<long unsigned int, long unsigned int> >]	24	static
c:\st\stm32cubeide_1.11.0\stm32cubeide\plugins\com.st.stm32cube.ide.mcu.externaltools.gnu-tools-for-stm32.10.3-2021.10.win32_1.0.100.202210260954\tools\arm-none-eabi\include\c++\10.3.1\bits\stl_vector.h:838:7:std::vector<_Tp, _Alloc>::const_iterator std::vector<_Tp, _Alloc>::end() const [with _Tp = std::pair<long unsigned int, long unsigned int>; _Alloc = std::allocator<std::pair<long unsigned int, long unsigned int> >]	24	static
c:\st\stm32cubeide_1.11.0\stm32cubeide\plugins\com.st.stm32cube.ide.mcu.externaltools.gnu-tools-for-stm32.10.3-2021.10.win32_1.0.100.202210260954\tools\arm-none-eabi\include\c++\10.3.1\bits\stl_vector.h:276:7:std::_Vector_base<_Tp, _Alloc>::_Tp_alloc_type& std::_Vector_base<_Tp, _Alloc>::_M_get_Tp_allocator() [with _Tp = std::pair<long unsigned int, long unsigned int>; _Alloc = std::allocator<std::pair<long unsigned int, long unsigned int> >]	16	static
c:\st\stm32cubeide_1.11.0\stm32cubeide\plugins\com.st.stm32cube.ide.mcu.externaltools.gnu-tools-for-stm32.10.3-2021.10.win32_1.0.100.202210260954\tools\arm-none-eabi\include\c++\10.3.1\bits\stl_uninitialized.h:323:5:_ForwardIterator std::__uninitialized_copy_a(_InputIterator, _InputIterator, _ForwardIterator, std::allocator<_Tp>&) [with _InputIterator = __gnu_cxx::__normal_iterator<const std::pair<long unsigned int, long unsigned int>*, std::vector<std::pair<long unsigned int, long unsigned int> > >; _ForwardIterator = std::pair<long unsigned int, long unsigned int>*; _Tp = std::pair<long unsigned int, long unsigned int>]	24	static
c:\st\stm32cubeide_1.11.0\stm32cubeide\plugins\com.st.stm32cube.ide.mcu.externaltools.gnu-tools-for-stm32.10.3-2021.10.win32_1.0.100.202210260954\tools\arm-none-eabi\include\c++\10.3.1\bits\alloc_traits.h:735:5:void std::_Destroy(_ForwardIterator, _ForwardIterator, std::allocator<_T2>&) [with _ForwardIterator = std::pair<long unsigned int, long unsigned int>*; _Tp = std::pair<long unsigned int, long unsigned int>]	24	static
c:\st\stm32cubeide_1.11.0\stm32cubeide\plugins\com.st.stm32cube.ide.mcu.externaltools.gnu-tools-for-stm32.10.3-2021.10.win32_1.0.100.202210260954\tools\arm-none-eabi\include\c++\10.3.1\bits\move.h:76:5:constexpr _Tp&& std::forward(typename std::remove_reference<_Tp>::type&) [with _Tp = PWMservice::Instance]	16	static
c:\st\stm32cubeide_1.11.0\stm32cubeide\plugins\com.st.stm32cube.ide.mcu.externaltools.gnu-tools-for-stm32.10.3-2021.10.win32_1.0.100.202210260954\tools\arm-none-eabi\include\c++\10.3.1\initializer_list:75:7:constexpr const _E* std::initializer_list<_E>::begin() const [with _E = std::pair<const std::pair<Pin, Pin>, PWMservice::Instance>]	16	static
c:\st\stm32cubeide_1.11.0\stm32cubeide\plugins\com.st.stm32cube.ide.mcu.externaltools.gnu-tools-for-stm32.10.3-2021.10.win32_1.0.100.202210260954\tools\arm-none-eabi\include\c++\10.3.1\initializer_list:79:7:constexpr const _E* std::initializer_list<_E>::end() const [with _E = std::pair<const std::pair<Pin, Pin>, PWMservice::Instance>]	24	static
c:\st\stm32cubeide_1.11.0\stm32cubeide\plugins\com.st.stm32cube.ide.mcu.externaltools.gnu-tools-for-stm32.10.3-2021.10.win32_1.0.100.202210260954\tools\arm-none-eabi\include\c++\10.3.1\bits\stl_tree.h:1739:7:void std::_Rb_tree<_Key, _Val, _KeyOfValue, _Compare, _Alloc>::_M_assign_unique(_Iterator, _Iterator) [with _Iterator = const std::pair<const std::pair<Pin, Pin>, PWMservice::Instance>*; _Key = std::pair<Pin, Pin>; _Val = std::pair<const std::pair<Pin, Pin>, PWMservice::Instance>; _KeyOfValue = std::_Select1st<std::pair<const std::pair<Pin, Pin>, PWMservice::Instance> >; _Compare = std::less<std::pair<Pin, Pin> >; _Alloc = std::allocator<std::pair<const std::pair<Pin, Pin>, PWMservice::Instance> >]	48	static
c:\st\stm32cubeide_1.11.0\stm32cubeide\plugins\com.st.stm32cube.ide.mcu.externaltools.gnu-tools-for-stm32.10.3-2021.10.win32_1.0.100.202210260954\tools\arm-none-eabi\include\c++\10.3.1\initializer_list:75:7:constexpr const _E* std::initializer_list<_E>::begin() const [with _E = std::pair<const Pin, PWMservice::Instance>]	16	static
c:\st\stm32cubeide_1.11.0\stm32cubeide\plugins\com.st.stm32cube.ide.mcu.externaltools.gnu-tools-for-stm32.10.3-2021.10.win32_1.0.100.202210260954\tools\arm-none-eabi\include\c++\10.3.1\initializer_list:79:7:constexpr const _E* std::initializer_list<_E>::end() const [with _E = std::pair<const Pin, PWMservice::Instance>]	24	static
c:\st\stm32cubeide_1.11.0\stm32cubeide\plugins\com.st.stm32cube.ide.mcu.externaltools.gnu-tools-for-stm32.10.3-2021.10.win32_1.0.100.202210260954\tools\arm-none-eabi\include\c++\10.3.1\bits\stl_tree.h:1739:7:void std::_Rb_tree<_Key, _Val, _KeyOfValue, _Compare, _Alloc>::_M_assign_unique(_Iterator, _Iterator) [with _Iterator = const std::pair<const Pin, PWMservice::Instance>*; _Key = Pin; _Val = std::pair<const Pin, PWMservice::Instance>; _KeyOfValue = std::_Select1st<std::pair<const Pin, PWMservice::Instance> >; _Compare = std::less<Pin>; _Alloc = std::allocator<std::pair<const Pin, PWMservice::Instance> >]	48	static
c:\st\stm32cubeide_1.11.0\stm32cubeide\plugins\com.st.stm32cube.ide.mcu.externaltools.gnu-tools-for-stm32.10.3-2021.10.win32_1.0.100.202210260954\tools\arm-none-eabi\include\c++\10.3.1\initializer_list:75:7:constexpr const _E* std::initializer_list<_E>::begin() const [with _E = std::reference_wrapper<TimerPeripheral>]	16	static
c:\st\stm32cubeide_1.11.0\stm32cubeide\plugins\com.st.stm32cube.ide.mcu.externaltools.gnu-tools-for-stm32.10.3-2021.10.win32_1.0.100.202210260954\tools\arm-none-eabi\include\c++\10.3.1\initializer_list:79:7:constexpr const _E* std::initializer_list<_E>::end() const [with _E = std::reference_wrapper<TimerPeripheral>]	24	static
c:\st\stm32cubeide_1.11.0\stm32cubeide\plugins\com.st.stm32cube.ide.mcu.externaltools.gnu-tools-for-stm32.10.3-2021.10.win32_1.0.100.202210260954\tools\bin\../lib/gcc/arm-none-eabi/10.3.1/../../../../arm-none-eabi/include/c++/10.3.1/bits/stl_iterator_base_funcs.h:138:5:constexpr typename std::iterator_traits< <template-parameter-1-1> >::difference_type std::distance(_InputIterator, _InputIterator) [with _InputIterator = const std::reference_wrapper<TimerPeripheral>*]	24	static
c:\st\stm32cubeide_1.11.0\stm32cubeide\plugins\com.st.stm32cube.ide.mcu.externaltools.gnu-tools-for-stm32.10.3-2021.10.win32_1.0.100.202210260954\tools\arm-none-eabi\include\c++\10.3.1\bits\stl_algobase.h:560:5:constexpr _OI std::copy(_II, _II, _OI) [with _II = const std::reference_wrapper<TimerPeripheral>*; _OI = std::reference_wrapper<TimerPeripheral>*]	32	static
c:\st\stm32cubeide_1.11.0\stm32cubeide\plugins\com.st.stm32cube.ide.mcu.externaltools.gnu-tools-for-stm32.10.3-2021.10.win32_1.0.100.202210260954\tools\arm-none-eabi\include\c++\10.3.1\bits\vector.tcc:300:7:void std::vector<_Tp, _Alloc>::_M_assign_aux(_ForwardIterator, _ForwardIterator, std::forward_iterator_tag) [with _ForwardIterator = const std::reference_wrapper<TimerPeripheral>*; _Tp = std::reference_wrapper<TimerPeripheral>; _Alloc = std::allocator<std::reference_wrapper<TimerPeripheral> >]	48	static
c:\st\stm32cubeide_1.11.0\stm32cubeide\plugins\com.st.stm32cube.ide.mcu.externaltools.gnu-tools-for-stm32.10.3-2021.10.win32_1.0.100.202210260954\tools\arm-none-eabi\include\c++\10.3.1\bits\hashtable.h:556:7:std::_Hashtable<_Key, _Value, _Alloc, _ExtractKey, _Equal, _H1, _H2, _Hash, _RehashPolicy, _Traits>& std::_Hashtable<_Key, _Value, _Alloc, _ExtractKey, _Equal, _H1, _H2, _Hash, _RehashPolicy, _Traits>::operator=(std::initializer_list<_Up>) [with _Key = SPI::Peripheral; _Value = std::pair<const SPI::Peripheral, SPI::Instance*>; _Alloc = std::allocator<std::pair<const SPI::Peripheral, SPI::Instance*> >; _ExtractKey = std::__detail::_Select1st; _Equal = std::equal_to<SPI::Peripheral>; _H1 = std::hash<SPI::Peripheral>; _H2 = std::__detail::_Mod_range_hashing; _Hash = std::__detail::_Default_ranged_hash; _RehashPolicy = std::__detail::_Prime_rehash_policy; _Traits = std::__detail::_Hashtable_traits<false, false, true>]	48	static
c:\st\stm32cubeide_1.11.0\stm32cubeide\plugins\com.st.stm32cube.ide.mcu.externaltools.gnu-tools-for-stm32.10.3-2021.10.win32_1.0.100.202210260954\tools\arm-none-eabi\include\c++\10.3.1\bits\hashtable.h:556:7:std::_Hashtable<_Key, _Value, _Alloc, _ExtractKey, _Equal, _H1, _H2, _Hash, _RehashPolicy, _Traits>& std::_Hashtable<_Key, _Value, _Alloc, _ExtractKey, _Equal, _H1, _H2, _Hash, _RehashPolicy, _Traits>::operator=(std::initializer_list<_Up>) [with _Key = UART::Peripheral; _Value = std::pair<const UART::Peripheral, UART::Instance*>; _Alloc = std::allocator<std::pair<const UART::Peripheral, UART::Instance*> >; _ExtractKey = std::__detail::_Select1st; _Equal = std::equal_to<UART::Peripheral>; _H1 = std::hash<UART::Peripheral>; _H2 = std::__detail::_Mod_range_hashing; _Hash = std::__detail::_Default_ranged_hash; _RehashPolicy = std::__detail::_Prime_rehash_policy; _Traits = std::__detail::_Hashtable_traits<false, false, true>]	48	static
c:\st\stm32cubeide_1.11.0\stm32cubeide\plugins\com.st.stm32cube.ide.mcu.externaltools.gnu-tools-for-stm32.10.3-2021.10.win32_1.0.100.202210260954\tools\arm-none-eabi\include\c++\10.3.1\bits\move.h:76:5:constexpr _Tp&& std::forward(typename std::remove_reference<_Tp>::type&) [with _Tp = TimerPeripheral*]	16	static
c:\st\stm32cubeide_1.11.0\stm32cubeide\plugins\com.st.stm32cube.ide.mcu.externaltools.gnu-tools-for-stm32.10.3-2021.10.win32_1.0.100.202210260954\tools\arm-none-eabi\include\c++\10.3.1\initializer_list:75:7:constexpr const _E* std::initializer_list<_E>::begin() const [with _E = std::pair<const std::pair<Pin, Pin>, TimerPeripheral*>]	16	static
c:\st\stm32cubeide_1.11.0\stm32cubeide\plugins\com.st.stm32cube.ide.mcu.externaltools.gnu-tools-for-stm32.10.3-2021.10.win32_1.0.100.202210260954\tools\arm-none-eabi\include\c++\10.3.1\initializer_list:79:7:constexpr const _E* std::initializer_list<_E>::end() const [with _E = std::pair<const std::pair<Pin, Pin>, TimerPeripheral*>]	24	static
c:\st\stm32cubeide_1.11.0\stm32cubeide\plugins\com.st.stm32cube.ide.mcu.externaltools.gnu-tools-for-stm32.10.3-2021.10.win32_1.0.100.202210260954\tools\arm-none-eabi\include\c++\10.3.1\bits\stl_tree.h:1739:7:void std::_Rb_tree<_Key, _Val, _KeyOfValue, _Compare, _Alloc>::_M_assign_unique(_Iterator, _Iterator) [with _Iterator = const std::pair<const std::pair<Pin, Pin>, TimerPeripheral*>*; _Key = std::pair<Pin, Pin>; _Val = std::pair<const std::pair<Pin, Pin>, TimerPeripheral*>; _KeyOfValue = std::_Select1st<std::pair<const std::pair<Pin, Pin>, TimerPeripheral*> >; _Compare = std::less<std::pair<Pin, Pin> >; _Alloc = std::allocator<std::pair<const std::pair<Pin, Pin>, TimerPeripheral*> >]	48	static
c:\st\stm32cubeide_1.11.0\stm32cubeide\plugins\com.st.stm32cube.ide.mcu.externaltools.gnu-tools-for-stm32.10.3-2021.10.win32_1.0.100.202210260954\tools\arm-none-eabi\include\c++\10.3.1\bits\move.h:76:5:constexpr _Tp&& std::forward(typename std::remove_reference<_Tp>::type&) [with _Tp = InputCapture::Instance]	16	static
c:\st\stm32cubeide_1.11.0\stm32cubeide\plugins\com.st.stm32cube.ide.mcu.externaltools.gnu-tools-for-stm32.10.3-2021.10.win32_1.0.100.202210260954\tools\arm-none-eabi\include\c++\10.3.1\initializer_list:75:7:constexpr const _E* std::initializer_list<_E>::begin() const [with _E = std::pair<const Pin, InputCapture::Instance>]	16	static
c:\st\stm32cubeide_1.11.0\stm32cubeide\plugins\com.st.stm32cube.ide.mcu.externaltools.gnu-tools-for-stm32.10.3-2021.10.win32_1.0.100.202210260954\tools\arm-none-eabi\include\c++\10.3.1\initializer_list:79:7:constexpr const _E* std::initializer_list<_E>::end() const [with _E = std::pair<const Pin, InputCapture::Instance>]	24	static
c:\st\stm32cubeide_1.11.0\stm32cubeide\plugins\com.st.stm32cube.ide.mcu.externaltools.gnu-tools-for-stm32.10.3-2021.10.win32_1.0.100.202210260954\tools\arm-none-eabi\include\c++\10.3.1\bits\stl_tree.h:1739:7:void std::_Rb_tree<_Key, _Val, _KeyOfValue, _Compare, _Alloc>::_M_assign_unique(_Iterator, _Iterator) [with _Iterator = const std::pair<const Pin, InputCapture::Instance>*; _Key = Pin; _Val = std::pair<const Pin, InputCapture::Instance>; _KeyOfValue = std::_Select1st<std::pair<const Pin, InputCapture::Instance> >; _Compare = std::less<Pin>; _Alloc = std::allocator<std::pair<const Pin, InputCapture::Instance> >]	48	static
c:\st\stm32cubeide_1.11.0\stm32cubeide\plugins\com.st.stm32cube.ide.mcu.externaltools.gnu-tools-for-stm32.10.3-2021.10.win32_1.0.100.202210260954\tools\arm-none-eabi\include\c++\10.3.1\bits\move.h:76:5:constexpr _Tp&& std::forward(typename std::remove_reference<_Tp>::type&) [with _Tp = ExternalInterrupt::Instance]	16	static
c:\st\stm32cubeide_1.11.0\stm32cubeide\plugins\com.st.stm32cube.ide.mcu.externaltools.gnu-tools-for-stm32.10.3-2021.10.win32_1.0.100.202210260954\tools\arm-none-eabi\include\c++\10.3.1\bits\std_function.h:357:7:)>&&) [with _Res = void; _ArgTypes = {}]	16	static
c:\st\stm32cubeide_1.11.0\stm32cubeide\plugins\com.st.stm32cube.ide.mcu.externaltools.gnu-tools-for-stm32.10.3-2021.10.win32_1.0.100.202210260954\tools\arm-none-eabi\include\c++\10.3.1\initializer_list:75:7:constexpr const _E* std::initializer_list<_E>::begin() const [with _E = std::pair<const short unsigned int, ExternalInterrupt::Instance>]	16	static
c:\st\stm32cubeide_1.11.0\stm32cubeide\plugins\com.st.stm32cube.ide.mcu.externaltools.gnu-tools-for-stm32.10.3-2021.10.win32_1.0.100.202210260954\tools\arm-none-eabi\include\c++\10.3.1\initializer_list:79:7:constexpr const _E* std::initializer_list<_E>::end() const [with _E = std::pair<const short unsigned int, ExternalInterrupt::Instance>]	24	static
c:\st\stm32cubeide_1.11.0\stm32cubeide\plugins\com.st.stm32cube.ide.mcu.externaltools.gnu-tools-for-stm32.10.3-2021.10.win32_1.0.100.202210260954\tools\arm-none-eabi\include\c++\10.3.1\bits\stl_tree.h:1739:7:void std::_Rb_tree<_Key, _Val, _KeyOfValue, _Compare, _Alloc>::_M_assign_unique(_Iterator, _Iterator) [with _Iterator = const std::pair<const short unsigned int, ExternalInterrupt::Instance>*; _Key = short unsigned int; _Val = std::pair<const short unsigned int, ExternalInterrupt::Instance>; _KeyOfValue = std::_Select1st<std::pair<const short unsigned int, ExternalInterrupt::Instance> >; _Compare = std::less<short unsigned int>; _Alloc = std::allocator<std::pair<const short unsigned int, ExternalInterrupt::Instance> >]	48	static
c:\st\stm32cubeide_1.11.0\stm32cubeide\plugins\com.st.stm32cube.ide.mcu.externaltools.gnu-tools-for-stm32.10.3-2021.10.win32_1.0.100.202210260954\tools\arm-none-eabi\include\c++\10.3.1\optional:438:7:constexpr _Tp& std::_Optional_base_impl<_Tp, _Dp>::_M_get() [with _Tp = unsigned char; _Dp = std::_Optional_base<unsigned char, true, true>]	16	static
c:\st\stm32cubeide_1.11.0\stm32cubeide\plugins\com.st.stm32cube.ide.mcu.externaltools.gnu-tools-for-stm32.10.3-2021.10.win32_1.0.100.202210260954\tools\arm-none-eabi\include\c++\10.3.1\bits\move.h:101:5:constexpr typename std::remove_reference<_Tp>::type&& std::move(_Tp&&) [with _Tp = unsigned char&]	16	static
c:\st\stm32cubeide_1.11.0\stm32cubeide\plugins\com.st.stm32cube.ide.mcu.externaltools.gnu-tools-for-stm32.10.3-2021.10.win32_1.0.100.202210260954\tools\arm-none-eabi\include\c++\10.3.1\optional:438:7:constexpr _Tp& std::_Optional_base_impl<_Tp, _Dp>::_M_get() [with _Tp = float; _Dp = std::_Optional_base<float, true, true>]	16	static
c:\st\stm32cubeide_1.11.0\stm32cubeide\plugins\com.st.stm32cube.ide.mcu.externaltools.gnu-tools-for-stm32.10.3-2021.10.win32_1.0.100.202210260954\tools\arm-none-eabi\include\c++\10.3.1\bits\move.h:101:5:constexpr typename std::remove_reference<_Tp>::type&& std::move(_Tp&&) [with _Tp = float&]	16	static
c:\st\stm32cubeide_1.11.0\stm32cubeide\plugins\com.st.stm32cube.ide.mcu.externaltools.gnu-tools-for-stm32.10.3-2021.10.win32_1.0.100.202210260954\tools\arm-none-eabi\include\c++\10.3.1\optional:438:7:constexpr _Tp& std::_Optional_base_impl<_Tp, _Dp>::_M_get() [with _Tp = PinState; _Dp = std::_Optional_base<PinState, true, true>]	16	static
c:\st\stm32cubeide_1.11.0\stm32cubeide\plugins\com.st.stm32cube.ide.mcu.externaltools.gnu-tools-for-stm32.10.3-2021.10.win32_1.0.100.202210260954\tools\arm-none-eabi\include\c++\10.3.1\bits\move.h:101:5:constexpr typename std::remove_reference<_Tp>::type&& std::move(_Tp&&) [with _Tp = PinState&]	16	static
c:\st\stm32cubeide_1.11.0\stm32cubeide\plugins\com.st.stm32cube.ide.mcu.externaltools.gnu-tools-for-stm32.10.3-2021.10.win32_1.0.100.202210260954\tools\arm-none-eabi\include\c++\10.3.1\ext\new_allocator.h:79:7:constexpr __gnu_cxx::new_allocator<_Tp>::new_allocator() [with _Tp = long unsigned int]	16	static
c:\st\stm32cubeide_1.11.0\stm32cubeide\plugins\com.st.stm32cube.ide.mcu.externaltools.gnu-tools-for-stm32.10.3-2021.10.win32_1.0.100.202210260954\tools\arm-none-eabi\include\c++\10.3.1\bits\alloc_traits.h:491:7:static constexpr void std::allocator_traits<std::allocator<_Up> >::deallocate(std::allocator_traits<std::allocator<_Up> >::allocator_type&, std::allocator_traits<std::allocator<_Up> >::pointer, std::allocator_traits<std::allocator<_Up> >::size_type) [with _Tp = long unsigned int]	40	static
c:\st\stm32cubeide_1.11.0\stm32cubeide\plugins\com.st.stm32cube.ide.mcu.externaltools.gnu-tools-for-stm32.10.3-2021.10.win32_1.0.100.202210260954\tools\arm-none-eabi\include\c++\10.3.1\bits\stl_construct.h:171:5:constexpr void std::_Destroy(_ForwardIterator, _ForwardIterator) [with _ForwardIterator = long unsigned int*]	16	static
c:\st\stm32cubeide_1.11.0\stm32cubeide\plugins\com.st.stm32cube.ide.mcu.externaltools.gnu-tools-for-stm32.10.3-2021.10.win32_1.0.100.202210260954\tools\arm-none-eabi\include\c++\10.3.1\initializer_list:71:7:constexpr std::initializer_list<_E>::size_type std::initializer_list<_E>::size() const [with _E = long unsigned int]	16	static
c:\st\stm32cubeide_1.11.0\stm32cubeide\plugins\com.st.stm32cube.ide.mcu.externaltools.gnu-tools-for-stm32.10.3-2021.10.win32_1.0.100.202210260954\tools\arm-none-eabi\include\c++\10.3.1\initializer_list:71:7:constexpr std::initializer_list<_E>::size_type std::initializer_list<_E>::size() const [with _E = ADC::Peripheral]	16	static
c:\st\stm32cubeide_1.11.0\stm32cubeide\plugins\com.st.stm32cube.ide.mcu.externaltools.gnu-tools-for-stm32.10.3-2021.10.win32_1.0.100.202210260954\tools\arm-none-eabi\include\c++\10.3.1\bits\stl_vector.h:1498:7:void std::vector<_Tp, _Alloc>::clear() [with _Tp = long unsigned int; _Alloc = std::allocator<long unsigned int>]	16	static
c:\st\stm32cubeide_1.11.0\stm32cubeide\plugins\com.st.stm32cube.ide.mcu.externaltools.gnu-tools-for-stm32.10.3-2021.10.win32_1.0.100.202210260954\tools\arm-none-eabi\include\c++\10.3.1\bits\alloc_traits.h:576:5:constexpr void std::__alloc_on_copy(_Alloc&, const _Alloc&) [with _Alloc = std::allocator<long unsigned int>]	16	static
c:\st\stm32cubeide_1.11.0\stm32cubeide\plugins\com.st.stm32cube.ide.mcu.externaltools.gnu-tools-for-stm32.10.3-2021.10.win32_1.0.100.202210260954\tools\arm-none-eabi\include\c++\10.3.1\bits\stl_vector.h:998:7:std::vector<_Tp, _Alloc>::size_type std::vector<_Tp, _Alloc>::capacity() const [with _Tp = long unsigned int; _Alloc = std::allocator<long unsigned int>]	16	static
c:\st\stm32cubeide_1.11.0\stm32cubeide\plugins\com.st.stm32cube.ide.mcu.externaltools.gnu-tools-for-stm32.10.3-2021.10.win32_1.0.100.202210260954\tools\arm-none-eabi\include\c++\10.3.1\bits\stl_vector.h:1508:2:std::vector<_Tp, _Alloc>::pointer std::vector<_Tp, _Alloc>::_M_allocate_and_copy(std::vector<_Tp, _Alloc>::size_type, _ForwardIterator, _ForwardIterator) [with _ForwardIterator = __gnu_cxx::__normal_iterator<const long unsigned int*, std::vector<long unsigned int> >; _Tp = long unsigned int; _Alloc = std::allocator<long unsigned int>]	32	static
c:\st\stm32cubeide_1.11.0\stm32cubeide\plugins\com.st.stm32cube.ide.mcu.externaltools.gnu-tools-for-stm32.10.3-2021.10.win32_1.0.100.202210260954\tools\arm-none-eabi\include\c++\10.3.1\bits\stl_vector.h:811:7:std::vector<_Tp, _Alloc>::iterator std::vector<_Tp, _Alloc>::begin() [with _Tp = long unsigned int; _Alloc = std::allocator<long unsigned int>]	24	static
c:\st\stm32cubeide_1.11.0\stm32cubeide\plugins\com.st.stm32cube.ide.mcu.externaltools.gnu-tools-for-stm32.10.3-2021.10.win32_1.0.100.202210260954\tools\arm-none-eabi\include\c++\10.3.1\bits\stl_algobase.h:560:5:constexpr _OI std::copy(_II, _II, _OI) [with _II = __gnu_cxx::__normal_iterator<const long unsigned int*, std::vector<long unsigned int> >; _OI = __gnu_cxx::__normal_iterator<long unsigned int*, std::vector<long unsigned int> >]	32	static
c:\st\stm32cubeide_1.11.0\stm32cubeide\plugins\com.st.stm32cube.ide.mcu.externaltools.gnu-tools-for-stm32.10.3-2021.10.win32_1.0.100.202210260954\tools\arm-none-eabi\include\c++\10.3.1\bits\stl_vector.h:829:7:std::vector<_Tp, _Alloc>::iterator std::vector<_Tp, _Alloc>::end() [with _Tp = long unsigned int; _Alloc = std::allocator<long unsigned int>]	24	static
c:\st\stm32cubeide_1.11.0\stm32cubeide\plugins\com.st.stm32cube.ide.mcu.externaltools.gnu-tools-for-stm32.10.3-2021.10.win32_1.0.100.202210260954\tools\arm-none-eabi\include\c++\10.3.1\bits\alloc_traits.h:735:5:void std::_Destroy(_ForwardIterator, _ForwardIterator, std::allocator<_T2>&) [with _ForwardIterator = __gnu_cxx::__normal_iterator<long unsigned int*, std::vector<long unsigned int> >; _Tp = long unsigned int]	24	static
c:\st\stm32cubeide_1.11.0\stm32cubeide\plugins\com.st.stm32cube.ide.mcu.externaltools.gnu-tools-for-stm32.10.3-2021.10.win32_1.0.100.202210260954\tools\arm-none-eabi\include\c++\10.3.1\bits\cpp_type_traits.h:544:5:constexpr _Iterator std::__miter_base(_Iterator) [with _Iterator = long unsigned int*]	16	static
c:\st\stm32cubeide_1.11.0\stm32cubeide\plugins\com.st.stm32cube.ide.mcu.externaltools.gnu-tools-for-stm32.10.3-2021.10.win32_1.0.100.202210260954\tools\arm-none-eabi\include\c++\10.3.1\bits\stl_algobase.h:511:5:constexpr _OI std::__copy_move_a(_II, _II, _OI) [with bool _IsMove = false; _II = long unsigned int*; _OI = long unsigned int*]	32	static
c:\st\stm32cubeide_1.11.0\stm32cubeide\plugins\com.st.stm32cube.ide.mcu.externaltools.gnu-tools-for-stm32.10.3-2021.10.win32_1.0.100.202210260954\tools\arm-none-eabi\include\c++\10.3.1\bits\stl_uninitialized.h:323:5:_ForwardIterator std::__uninitialized_copy_a(_InputIterator, _InputIterator, _ForwardIterator, std::allocator<_Tp>&) [with _InputIterator = long unsigned int*; _ForwardIterator = long unsigned int*; _Tp = long unsigned int]	24	static
c:\st\stm32cubeide_1.11.0\stm32cubeide\plugins\com.st.stm32cube.ide.mcu.externaltools.gnu-tools-for-stm32.10.3-2021.10.win32_1.0.100.202210260954\tools\arm-none-eabi\include\c++\10.3.1\initializer_list:71:7:constexpr std::initializer_list<_E>::size_type std::initializer_list<_E>::size() const [with _E = std::pair<const Pin, ADC::Instance>]	16	static
c:\st\stm32cubeide_1.11.0\stm32cubeide\plugins\com.st.stm32cube.ide.mcu.externaltools.gnu-tools-for-stm32.10.3-2021.10.win32_1.0.100.202210260954\tools\arm-none-eabi\include\c++\10.3.1\bits\stl_tree.h:458:2:std::_Rb_tree<_Key, _Val, _KeyOfValue, _Compare, _Alloc>::_Reuse_or_alloc_node::_Reuse_or_alloc_node(std::_Rb_tree<_Key, _Val, _KeyOfValue, _Compare, _Alloc>&) [with _Key = Pin; _Val = std::pair<const Pin, ADC::Instance>; _KeyOfValue = std::_Select1st<std::pair<const Pin, ADC::Instance> >; _Compare = std::less<Pin>; _Alloc = std::allocator<std::pair<const Pin, ADC::Instance> >]	16	static
c:\st\stm32cubeide_1.11.0\stm32cubeide\plugins\com.st.stm32cube.ide.mcu.externaltools.gnu-tools-for-stm32.10.3-2021.10.win32_1.0.100.202210260954\tools\arm-none-eabi\include\c++\10.3.1\bits\stl_tree.h:476:2:std::_Rb_tree<_Key, _Val, _KeyOfValue, _Compare, _Alloc>::_Reuse_or_alloc_node::~_Reuse_or_alloc_node() [with _Key = Pin; _Val = std::pair<const Pin, ADC::Instance>; _KeyOfValue = std::_Select1st<std::pair<const Pin, ADC::Instance> >; _Compare = std::less<Pin>; _Alloc = std::allocator<std::pair<const Pin, ADC::Instance> >]	16	static
c:\st\stm32cubeide_1.11.0\stm32cubeide\plugins\com.st.stm32cube.ide.mcu.externaltools.gnu-tools-for-stm32.10.3-2021.10.win32_1.0.100.202210260954\tools\arm-none-eabi\include\c++\10.3.1\bits\stl_tree.h:1012:7:std::_Rb_tree<_Key, _Val, _KeyOfValue, _Compare, _Alloc>::iterator std::_Rb_tree<_Key, _Val, _KeyOfValue, _Compare, _Alloc>::end() [with _Key = Pin; _Val = std::pair<const Pin, ADC::Instance>; _KeyOfValue = std::_Select1st<std::pair<const Pin, ADC::Instance> >; _Compare = std::less<Pin>; _Alloc = std::allocator<std::pair<const Pin, ADC::Instance> >]	24	static
c:\st\stm32cubeide_1.11.0\stm32cubeide\plugins\com.st.stm32cube.ide.mcu.externaltools.gnu-tools-for-stm32.10.3-2021.10.win32_1.0.100.202210260954\tools\arm-none-eabi\include\c++\10.3.1\bits\stl_tree.h:350:7:std::_Rb_tree_const_iterator<_Tp>::_Rb_tree_const_iterator(const iterator&) [with _Tp = std::pair<const Pin, ADC::Instance>]	16	static
c:\st\stm32cubeide_1.11.0\stm32cubeide\plugins\com.st.stm32cube.ide.mcu.externaltools.gnu-tools-for-stm32.10.3-2021.10.win32_1.0.100.202210260954\tools\arm-none-eabi\include\c++\10.3.1\bits\stl_tree.h:2256:7:std::_Rb_tree<_Key, _Val, _KeyOfValue, _Compare, _Alloc>::iterator std::_Rb_tree<_Key, _Val, _KeyOfValue, _Compare, _Alloc>::_M_insert_unique_(std::_Rb_tree<_Key, _Val, _KeyOfValue, _Compare, _Alloc>::const_iterator, _Arg&&, _NodeGen&) [with _Arg = const std::pair<const Pin, ADC::Instance>&; _NodeGen = std::_Rb_tree<Pin, std::pair<const Pin, ADC::Instance>, std::_Select1st<std::pair<const Pin, ADC::Instance> >, std::less<Pin>, std::allocator<std::pair<const Pin, ADC::Instance> > >::_Reuse_or_alloc_node; _Key = Pin; _Val = std::pair<const Pin, ADC::Instance>; _KeyOfValue = std::_Select1st<std::pair<const Pin, ADC::Instance> >; _Compare = std::less<Pin>; _Alloc = std::allocator<std::pair<const Pin, ADC::Instance> >]	56	static
c:\st\stm32cubeide_1.11.0\stm32cubeide\plugins\com.st.stm32cube.ide.mcu.externaltools.gnu-tools-for-stm32.10.3-2021.10.win32_1.0.100.202210260954\tools\arm-none-eabi\include\c++\10.3.1\bits\alloc_traits.h:558:7:static constexpr std::allocator_traits<std::allocator<_Up> >::allocator_type std::allocator_traits<std::allocator<_Up> >::select_on_container_copy_construction(const allocator_type&) [with _Tp = long unsigned int]	16	static
c:\st\stm32cubeide_1.11.0\stm32cubeide\plugins\com.st.stm32cube.ide.mcu.externaltools.gnu-tools-for-stm32.10.3-2021.10.win32_1.0.100.202210260954\tools\arm-none-eabi\include\c++\10.3.1\bits\stl_vector.h:136:2:std::_Vector_base<_Tp, _Alloc>::_Vector_impl::_Vector_impl(const _Tp_alloc_type&) [with _Tp = long unsigned int; _Alloc = std::allocator<long unsigned int>]	16	static
c:\st\stm32cubeide_1.11.0\stm32cubeide\plugins\com.st.stm32cube.ide.mcu.externaltools.gnu-tools-for-stm32.10.3-2021.10.win32_1.0.100.202210260954\tools\arm-none-eabi\include\c++\10.3.1\bits\stl_vector.h:359:7:void std::_Vector_base<_Tp, _Alloc>::_M_create_storage(std::size_t) [with _Tp = long unsigned int; _Alloc = std::allocator<long unsigned int>]	16	static
c:\st\stm32cubeide_1.11.0\stm32cubeide\plugins\com.st.stm32cube.ide.mcu.externaltools.gnu-tools-for-stm32.10.3-2021.10.win32_1.0.100.202210260954\tools\arm-none-eabi\include\c++\10.3.1\bits\stl_iterator.h:978:7:constexpr __gnu_cxx::__normal_iterator<_Iterator, _Container>::__normal_iterator(const _Iterator&) [with _Iterator = const long unsigned int*; _Container = std::vector<long unsigned int>]	16	static
c:\st\stm32cubeide_1.11.0\stm32cubeide\plugins\com.st.stm32cube.ide.mcu.externaltools.gnu-tools-for-stm32.10.3-2021.10.win32_1.0.100.202210260954\tools\arm-none-eabi\include\c++\10.3.1\bits\stl_uninitialized.h:125:5:_ForwardIterator std::uninitialized_copy(_InputIterator, _InputIterator, _ForwardIterator) [with _InputIterator = __gnu_cxx::__normal_iterator<const long unsigned int*, std::vector<long unsigned int> >; _ForwardIterator = long unsigned int*]	32	static
c:\st\stm32cubeide_1.11.0\stm32cubeide\plugins\com.st.stm32cube.ide.mcu.externaltools.gnu-tools-for-stm32.10.3-2021.10.win32_1.0.100.202210260954\tools\arm-none-eabi\include\c++\10.3.1\bits\alloc_traits.h:558:7:static constexpr std::allocator_traits<std::allocator<_Up> >::allocator_type std::allocator_traits<std::allocator<_Up> >::select_on_container_copy_construction(const allocator_type&) [with _Tp = std::pair<long unsigned int, long unsigned int>]	16	static
c:\st\stm32cubeide_1.11.0\stm32cubeide\plugins\com.st.stm32cube.ide.mcu.externaltools.gnu-tools-for-stm32.10.3-2021.10.win32_1.0.100.202210260954\tools\arm-none-eabi\include\c++\10.3.1\bits\stl_vector.h:136:2:std::_Vector_base<_Tp, _Alloc>::_Vector_impl::_Vector_impl(const _Tp_alloc_type&) [with _Tp = std::pair<long unsigned int, long unsigned int>; _Alloc = std::allocator<std::pair<long unsigned int, long unsigned int> >]	16	static
c:\st\stm32cubeide_1.11.0\stm32cubeide\plugins\com.st.stm32cube.ide.mcu.externaltools.gnu-tools-for-stm32.10.3-2021.10.win32_1.0.100.202210260954\tools\arm-none-eabi\include\c++\10.3.1\bits\stl_vector.h:359:7:void std::_Vector_base<_Tp, _Alloc>::_M_create_storage(std::size_t) [with _Tp = std::pair<long unsigned int, long unsigned int>; _Alloc = std::allocator<std::pair<long unsigned int, long unsigned int> >]	16	static
c:\st\stm32cubeide_1.11.0\stm32cubeide\plugins\com.st.stm32cube.ide.mcu.externaltools.gnu-tools-for-stm32.10.3-2021.10.win32_1.0.100.202210260954\tools\arm-none-eabi\include\c++\10.3.1\bits\stl_vector.h:350:7:void std::_Vector_base<_Tp, _Alloc>::_M_deallocate(std::_Vector_base<_Tp, _Alloc>::pointer, std::size_t) [with _Tp = std::pair<long unsigned int, long unsigned int>; _Alloc = std::allocator<std::pair<long unsigned int, long unsigned int> >]	24	static
c:\st\stm32cubeide_1.11.0\stm32cubeide\plugins\com.st.stm32cube.ide.mcu.externaltools.gnu-tools-for-stm32.10.3-2021.10.win32_1.0.100.202210260954\tools\arm-none-eabi\include\c++\10.3.1\bits\stl_iterator.h:978:7:constexpr __gnu_cxx::__normal_iterator<_Iterator, _Container>::__normal_iterator(const _Iterator&) [with _Iterator = const std::pair<long unsigned int, long unsigned int>*; _Container = std::vector<std::pair<long unsigned int, long unsigned int> >]	16	static
c:\st\stm32cubeide_1.11.0\stm32cubeide\plugins\com.st.stm32cube.ide.mcu.externaltools.gnu-tools-for-stm32.10.3-2021.10.win32_1.0.100.202210260954\tools\arm-none-eabi\include\c++\10.3.1\bits\stl_uninitialized.h:125:5:_ForwardIterator std::uninitialized_copy(_InputIterator, _InputIterator, _ForwardIterator) [with _InputIterator = __gnu_cxx::__normal_iterator<const std::pair<long unsigned int, long unsigned int>*, std::vector<std::pair<long unsigned int, long unsigned int> > >; _ForwardIterator = std::pair<long unsigned int, long unsigned int>*]	32	static
c:\st\stm32cubeide_1.11.0\stm32cubeide\plugins\com.st.stm32cube.ide.mcu.externaltools.gnu-tools-for-stm32.10.3-2021.10.win32_1.0.100.202210260954\tools\arm-none-eabi\include\c++\10.3.1\bits\stl_construct.h:171:5:constexpr void std::_Destroy(_ForwardIterator, _ForwardIterator) [with _ForwardIterator = std::pair<long unsigned int, long unsigned int>*]	16	static
c:\st\stm32cubeide_1.11.0\stm32cubeide\plugins\com.st.stm32cube.ide.mcu.externaltools.gnu-tools-for-stm32.10.3-2021.10.win32_1.0.100.202210260954\tools\arm-none-eabi\include\c++\10.3.1\initializer_list:71:7:constexpr std::initializer_list<_E>::size_type std::initializer_list<_E>::size() const [with _E = std::pair<const std::pair<Pin, Pin>, PWMservice::Instance>]	16	static
c:\st\stm32cubeide_1.11.0\stm32cubeide\plugins\com.st.stm32cube.ide.mcu.externaltools.gnu-tools-for-stm32.10.3-2021.10.win32_1.0.100.202210260954\tools\arm-none-eabi\include\c++\10.3.1\bits\stl_tree.h:458:2:std::_Rb_tree<_Key, _Val, _KeyOfValue, _Compare, _Alloc>::_Reuse_or_alloc_node::_Reuse_or_alloc_node(std::_Rb_tree<_Key, _Val, _KeyOfValue, _Compare, _Alloc>&) [with _Key = std::pair<Pin, Pin>; _Val = std::pair<const std::pair<Pin, Pin>, PWMservice::Instance>; _KeyOfValue = std::_Select1st<std::pair<const std::pair<Pin, Pin>, PWMservice::Instance> >; _Compare = std::less<std::pair<Pin, Pin> >; _Alloc = std::allocator<std::pair<const std::pair<Pin, Pin>, PWMservice::Instance> >]	16	static
c:\st\stm32cubeide_1.11.0\stm32cubeide\plugins\com.st.stm32cube.ide.mcu.externaltools.gnu-tools-for-stm32.10.3-2021.10.win32_1.0.100.202210260954\tools\arm-none-eabi\include\c++\10.3.1\bits\stl_tree.h:476:2:std::_Rb_tree<_Key, _Val, _KeyOfValue, _Compare, _Alloc>::_Reuse_or_alloc_node::~_Reuse_or_alloc_node() [with _Key = std::pair<Pin, Pin>; _Val = std::pair<const std::pair<Pin, Pin>, PWMservice::Instance>; _KeyOfValue = std::_Select1st<std::pair<const std::pair<Pin, Pin>, PWMservice::Instance> >; _Compare = std::less<std::pair<Pin, Pin> >; _Alloc = std::allocator<std::pair<const std::pair<Pin, Pin>, PWMservice::Instance> >]	16	static
c:\st\stm32cubeide_1.11.0\stm32cubeide\plugins\com.st.stm32cube.ide.mcu.externaltools.gnu-tools-for-stm32.10.3-2021.10.win32_1.0.100.202210260954\tools\arm-none-eabi\include\c++\10.3.1\bits\stl_tree.h:1012:7:std::_Rb_tree<_Key, _Val, _KeyOfValue, _Compare, _Alloc>::iterator std::_Rb_tree<_Key, _Val, _KeyOfValue, _Compare, _Alloc>::end() [with _Key = std::pair<Pin, Pin>; _Val = std::pair<const std::pair<Pin, Pin>, PWMservice::Instance>; _KeyOfValue = std::_Select1st<std::pair<const std::pair<Pin, Pin>, PWMservice::Instance> >; _Compare = std::less<std::pair<Pin, Pin> >; _Alloc = std::allocator<std::pair<const std::pair<Pin, Pin>, PWMservice::Instance> >]	24	static
c:\st\stm32cubeide_1.11.0\stm32cubeide\plugins\com.st.stm32cube.ide.mcu.externaltools.gnu-tools-for-stm32.10.3-2021.10.win32_1.0.100.202210260954\tools\arm-none-eabi\include\c++\10.3.1\bits\stl_tree.h:350:7:std::_Rb_tree_const_iterator<_Tp>::_Rb_tree_const_iterator(const iterator&) [with _Tp = std::pair<const std::pair<Pin, Pin>, PWMservice::Instance>]	16	static
c:\st\stm32cubeide_1.11.0\stm32cubeide\plugins\com.st.stm32cube.ide.mcu.externaltools.gnu-tools-for-stm32.10.3-2021.10.win32_1.0.100.202210260954\tools\arm-none-eabi\include\c++\10.3.1\bits\stl_tree.h:2256:7:std::_Rb_tree<_Key, _Val, _KeyOfValue, _Compare, _Alloc>::iterator std::_Rb_tree<_Key, _Val, _KeyOfValue, _Compare, _Alloc>::_M_insert_unique_(std::_Rb_tree<_Key, _Val, _KeyOfValue, _Compare, _Alloc>::const_iterator, _Arg&&, _NodeGen&) [with _Arg = const std::pair<const std::pair<Pin, Pin>, PWMservice::Instance>&; _NodeGen = std::_Rb_tree<std::pair<Pin, Pin>, std::pair<const std::pair<Pin, Pin>, PWMservice::Instance>, std::_Select1st<std::pair<const std::pair<Pin, Pin>, PWMservice::Instance> >, std::less<std::pair<Pin, Pin> >, std::allocator<std::pair<const std::pair<Pin, Pin>, PWMservice::Instance> > >::_Reuse_or_alloc_node; _Key = std::pair<Pin, Pin>; _Val = std::pair<const std::pair<Pin, Pin>, PWMservice::Instance>; _KeyOfValue = std::_Select1st<std::pair<const std::pair<Pin, Pin>, PWMservice::Instance> >; _Compare = std::less<std::pair<Pin, Pin> >; _Alloc = std::allocator<std::pair<const std::pair<Pin, Pin>, PWMservice::Instance> >]	56	static
c:\st\stm32cubeide_1.11.0\stm32cubeide\plugins\com.st.stm32cube.ide.mcu.externaltools.gnu-tools-for-stm32.10.3-2021.10.win32_1.0.100.202210260954\tools\arm-none-eabi\include\c++\10.3.1\initializer_list:71:7:constexpr std::initializer_list<_E>::size_type std::initializer_list<_E>::size() const [with _E = std::pair<const Pin, PWMservice::Instance>]	16	static
c:\st\stm32cubeide_1.11.0\stm32cubeide\plugins\com.st.stm32cube.ide.mcu.externaltools.gnu-tools-for-stm32.10.3-2021.10.win32_1.0.100.202210260954\tools\arm-none-eabi\include\c++\10.3.1\bits\stl_tree.h:458:2:std::_Rb_tree<_Key, _Val, _KeyOfValue, _Compare, _Alloc>::_Reuse_or_alloc_node::_Reuse_or_alloc_node(std::_Rb_tree<_Key, _Val, _KeyOfValue, _Compare, _Alloc>&) [with _Key = Pin; _Val = std::pair<const Pin, PWMservice::Instance>; _KeyOfValue = std::_Select1st<std::pair<const Pin, PWMservice::Instance> >; _Compare = std::less<Pin>; _Alloc = std::allocator<std::pair<const Pin, PWMservice::Instance> >]	16	static
c:\st\stm32cubeide_1.11.0\stm32cubeide\plugins\com.st.stm32cube.ide.mcu.externaltools.gnu-tools-for-stm32.10.3-2021.10.win32_1.0.100.202210260954\tools\arm-none-eabi\include\c++\10.3.1\bits\stl_tree.h:476:2:std::_Rb_tree<_Key, _Val, _KeyOfValue, _Compare, _Alloc>::_Reuse_or_alloc_node::~_Reuse_or_alloc_node() [with _Key = Pin; _Val = std::pair<const Pin, PWMservice::Instance>; _KeyOfValue = std::_Select1st<std::pair<const Pin, PWMservice::Instance> >; _Compare = std::less<Pin>; _Alloc = std::allocator<std::pair<const Pin, PWMservice::Instance> >]	16	static
c:\st\stm32cubeide_1.11.0\stm32cubeide\plugins\com.st.stm32cube.ide.mcu.externaltools.gnu-tools-for-stm32.10.3-2021.10.win32_1.0.100.202210260954\tools\arm-none-eabi\include\c++\10.3.1\bits\stl_tree.h:1012:7:std::_Rb_tree<_Key, _Val, _KeyOfValue, _Compare, _Alloc>::iterator std::_Rb_tree<_Key, _Val, _KeyOfValue, _Compare, _Alloc>::end() [with _Key = Pin; _Val = std::pair<const Pin, PWMservice::Instance>; _KeyOfValue = std::_Select1st<std::pair<const Pin, PWMservice::Instance> >; _Compare = std::less<Pin>; _Alloc = std::allocator<std::pair<const Pin, PWMservice::Instance> >]	24	static
c:\st\stm32cubeide_1.11.0\stm32cubeide\plugins\com.st.stm32cube.ide.mcu.externaltools.gnu-tools-for-stm32.10.3-2021.10.win32_1.0.100.202210260954\tools\arm-none-eabi\include\c++\10.3.1\bits\stl_tree.h:350:7:std::_Rb_tree_const_iterator<_Tp>::_Rb_tree_const_iterator(const iterator&) [with _Tp = std::pair<const Pin, PWMservice::Instance>]	16	static
c:\st\stm32cubeide_1.11.0\stm32cubeide\plugins\com.st.stm32cube.ide.mcu.externaltools.gnu-tools-for-stm32.10.3-2021.10.win32_1.0.100.202210260954\tools\arm-none-eabi\include\c++\10.3.1\bits\stl_tree.h:2256:7:std::_Rb_tree<_Key, _Val, _KeyOfValue, _Compare, _Alloc>::iterator std::_Rb_tree<_Key, _Val, _KeyOfValue, _Compare, _Alloc>::_M_insert_unique_(std::_Rb_tree<_Key, _Val, _KeyOfValue, _Compare, _Alloc>::const_iterator, _Arg&&, _NodeGen&) [with _Arg = const std::pair<const Pin, PWMservice::Instance>&; _NodeGen = std::_Rb_tree<Pin, std::pair<const Pin, PWMservice::Instance>, std::_Select1st<std::pair<const Pin, PWMservice::Instance> >, std::less<Pin>, std::allocator<std::pair<const Pin, PWMservice::Instance> > >::_Reuse_or_alloc_node; _Key = Pin; _Val = std::pair<const Pin, PWMservice::Instance>; _KeyOfValue = std::_Select1st<std::pair<const Pin, PWMservice::Instance> >; _Compare = std::less<Pin>; _Alloc = std::allocator<std::pair<const Pin, PWMservice::Instance> >]	56	static
c:\st\stm32cubeide_1.11.0\stm32cubeide\plugins\com.st.stm32cube.ide.mcu.externaltools.gnu-tools-for-stm32.10.3-2021.10.win32_1.0.100.202210260954\tools\arm-none-eabi\include\c++\10.3.1\initializer_list:71:7:constexpr std::initializer_list<_E>::size_type std::initializer_list<_E>::size() const [with _E = std::reference_wrapper<TimerPeripheral>]	16	static
c:\st\stm32cubeide_1.11.0\stm32cubeide\plugins\com.st.stm32cube.ide.mcu.externaltools.gnu-tools-for-stm32.10.3-2021.10.win32_1.0.100.202210260954\tools\bin\../lib/gcc/arm-none-eabi/10.3.1/../../../../arm-none-eabi/include/c++/10.3.1/bits/stl_iterator_base_types.h:238:5:constexpr typename std::iterator_traits< <template-parameter-1-1> >::iterator_category std::__iterator_category(const _Iter&) [with _Iter = const std::reference_wrapper<TimerPeripheral>*]	16	static
c:\st\stm32cubeide_1.11.0\stm32cubeide\plugins\com.st.stm32cube.ide.mcu.externaltools.gnu-tools-for-stm32.10.3-2021.10.win32_1.0.100.202210260954\tools\bin\../lib/gcc/arm-none-eabi/10.3.1/../../../../arm-none-eabi/include/c++/10.3.1/bits/stl_iterator_base_funcs.h:98:5:constexpr typename std::iterator_traits< <template-parameter-1-1> >::difference_type std::__distance(_RandomAccessIterator, _RandomAccessIterator, std::random_access_iterator_tag) [with _RandomAccessIterator = const std::reference_wrapper<TimerPeripheral>*]	24	static
[...]
c:\st\stm32cubeide_1.11.0\stm32cubeide\plugins\com.st.stm32cube.ide.mcu.externaltools.gnu-tools-for-stm32.10.3-2021.10.win32_1.0.100.202210260954\tools\arm-none-eabi\include\c++\10.3.1\ext\aligned_buffer.h:64:7:void* __gnu_cxx::__aligned_membuf<_Tp>::_M_addr() [with _Tp = std::pair<const std::pair<Pin, Pin>, TimerPeripheral*>]	16	static
c:\st\stm32cubeide_1.11.0\stm32cubeide\plugins\com.st.stm32cube.ide.mcu.externaltools.gnu-tools-for-stm32.10.3-2021.10.win32_1.0.100.202210260954\tools\arm-none-eabi\include\c++\10.3.1\ext\new_allocator.h:126:7:void __gnu_cxx::new_allocator<_Tp>::deallocate(_Tp*, __gnu_cxx::new_allocator<_Tp>::size_type) [with _Tp = std::_Rb_tree_node<std::pair<const std::pair<Pin, Pin>, TimerPeripheral*> >]	24	static
c:\st\stm32cubeide_1.11.0\stm32cubeide\plugins\com.st.stm32cube.ide.mcu.externaltools.gnu-tools-for-stm32.10.3-2021.10.win32_1.0.100.202210260954\tools\arm-none-eabi\include\c++\10.3.1\ext\aligned_buffer.h:68:7:const void* __gnu_cxx::__aligned_membuf<_Tp>::_M_addr() const [with _Tp = std::pair<const std::pair<Pin, Pin>, TimerPeripheral*>]	16	static
c:\st\stm32cubeide_1.11.0\stm32cubeide\plugins\com.st.stm32cube.ide.mcu.externaltools.gnu-tools-for-stm32.10.3-2021.10.win32_1.0.100.202210260954\tools\arm-none-eabi\include\c++\10.3.1\ext\aligned_buffer.h:64:7:void* __gnu_cxx::__aligned_membuf<_Tp>::_M_addr() [with _Tp = std::pair<const Pin, InputCapture::Instance>]	16	static
c:\st\stm32cubeide_1.11.0\stm32cubeide\plugins\com.st.stm32cube.ide.mcu.externaltools.gnu-tools-for-stm32.10.3-2021.10.win32_1.0.100.202210260954\tools\arm-none-eabi\include\c++\10.3.1\ext\new_allocator.h:126:7:void __gnu_cxx::new_allocator<_Tp>::deallocate(_Tp*, __gnu_cxx::new_allocator<_Tp>::size_type) [with _Tp = std::_Rb_tree_node<std::pair<const Pin, InputCapture::Instance> >]	24	static
c:\st\stm32cubeide_1.11.0\stm32cubeide\plugins\com.st.stm32cube.ide.mcu.externaltools.gnu-tools-for-stm32.10.3-2021.10.win32_1.0.100.202210260954\tools\arm-none-eabi\include\c++\10.3.1\ext\aligned_buffer.h:68:7:const void* __gnu_cxx::__aligned_membuf<_Tp>::_M_addr() const [with _Tp = std::pair<const Pin, InputCapture::Instance>]	16	static
c:\st\stm32cubeide_1.11.0\stm32cubeide\plugins\com.st.stm32cube.ide.mcu.externaltools.gnu-tools-for-stm32.10.3-2021.10.win32_1.0.100.202210260954\tools\arm-none-eabi\include\c++\10.3.1\ext\aligned_buffer.h:64:7:void* __gnu_cxx::__aligned_membuf<_Tp>::_M_addr() [with _Tp = std::pair<const short unsigned int, ExternalInterrupt::Instance>]	16	static
c:\st\stm32cubeide_1.11.0\stm32cubeide\plugins\com.st.stm32cube.ide.mcu.externaltools.gnu-tools-for-stm32.10.3-2021.10.win32_1.0.100.202210260954\tools\arm-none-eabi\include\c++\10.3.1\ext\new_allocator.h:126:7:void __gnu_cxx::new_allocator<_Tp>::deallocate(_Tp*, __gnu_cxx::new_allocator<_Tp>::size_type) [with _Tp = std::_Rb_tree_node<std::pair<const short unsigned int, ExternalInterrupt::Instance> >]	24	static
c:\st\stm32cubeide_1.11.0\stm32cubeide\plugins\com.st.stm32cube.ide.mcu.externaltools.gnu-tools-for-stm32.10.3-2021.10.win32_1.0.100.202210260954\tools\arm-none-eabi\include\c++\10.3.1\ext\aligned_buffer.h:68:7:const void* __gnu_cxx::__aligned_membuf<_Tp>::_M_addr() const [with _Tp = std::pair<const short unsigned int, ExternalInterrupt::Instance>]	16	static
c:\st\stm32cubeide_1.11.0\stm32cubeide\plugins\com.st.stm32cube.ide.mcu.externaltools.gnu-tools-for-stm32.10.3-2021.10.win32_1.0.100.202210260954\tools\arm-none-eabi\include\c++\10.3.1\bits\std_function.h:498:16:)>::operator bool() const [with _Res = void; _ArgTypes = {}]	16	static
c:\st\stm32cubeide_1.11.0\stm32cubeide\plugins\com.st.stm32cube.ide.mcu.externaltools.gnu-tools-for-stm32.10.3-2021.10.win32_1.0.100.202210260954\tools\arm-none-eabi\include\c++\10.3.1\ext\new_allocator.h:103:7:_Tp* __gnu_cxx::new_allocator<_Tp>::allocate(__gnu_cxx::new_allocator<_Tp>::size_type, const void*) [with _Tp = std::_Rb_tree_node<std::pair<const Pin, ADC::Instance> >]	24	static
c:\st\stm32cubeide_1.11.0\stm32cubeide\plugins\com.st.stm32cube.ide.mcu.externaltools.gnu-tools-for-stm32.10.3-2021.10.win32_1.0.100.202210260954\tools\arm-none-eabi\include\c++\10.3.1\ext\new_allocator.h:103:7:_Tp* __gnu_cxx::new_allocator<_Tp>::allocate(__gnu_cxx::new_allocator<_Tp>::size_type, const void*) [with _Tp = std::_Rb_tree_node<std::pair<const std::pair<Pin, Pin>, PWMservice::Instance> >]	24	static
c:\st\stm32cubeide_1.11.0\stm32cubeide\plugins\com.st.stm32cube.ide.mcu.externaltools.gnu-tools-for-stm32.10.3-2021.10.win32_1.0.100.202210260954\tools\arm-none-eabi\include\c++\10.3.1\ext\new_allocator.h:103:7:_Tp* __gnu_cxx::new_allocator<_Tp>::allocate(__gnu_cxx::new_allocator<_Tp>::size_type, const void*) [with _Tp = std::_Rb_tree_node<std::pair<const Pin, PWMservice::Instance> >]	24	static
c:\st\stm32cubeide_1.11.0\stm32cubeide\plugins\com.st.stm32cube.ide.mcu.externaltools.gnu-tools-for-stm32.10.3-2021.10.win32_1.0.100.202210260954\tools\arm-none-eabi\include\c++\10.3.1\utility:178:9:static constexpr _Tp1& std::__pair_get<0>::__get(std::pair<_T1, _T2>&) [with _Tp1 = const SPI::Peripheral; _Tp2 = SPI::Instance*]	16	static
c:\st\stm32cubeide_1.11.0\stm32cubeide\plugins\com.st.stm32cube.ide.mcu.externaltools.gnu-tools-for-stm32.10.3-2021.10.win32_1.0.100.202210260954\tools\arm-none-eabi\include\c++\10.3.1\bits\hashtable_policy.h:240:7:const _Value* std::__detail::_Hash_node_value_base<_Value>::_M_valptr() const [with _Value = std::pair<const SPI::Peripheral, SPI::Instance*>]	16	static
c:\st\stm32cubeide_1.11.0\stm32cubeide\plugins\com.st.stm32cube.ide.mcu.externaltools.gnu-tools-for-stm32.10.3-2021.10.win32_1.0.100.202210260954\tools\arm-none-eabi\include\c++\10.3.1\ext\new_allocator.h:191:7:constexpr __gnu_cxx::new_allocator<_Tp>::size_type __gnu_cxx::new_allocator<_Tp>::_M_max_size() const [with _Tp = std::__detail::_Hash_node<std::pair<const SPI::Peripheral, SPI::Instance*>, false>]	16	static
c:\st\stm32cubeide_1.11.0\stm32cubeide\plugins\com.st.stm32cube.ide.mcu.externaltools.gnu-tools-for-stm32.10.3-2021.10.win32_1.0.100.202210260954\tools\arm-none-eabi\include\c++\10.3.1\bits\allocator.h:177:2:constexpr std::allocator< <template-parameter-1-1> >::allocator(const std::allocator<_Tp1>&) [with _Tp1 = std::__detail::_Hash_node<std::pair<const SPI::Peripheral, SPI::Instance*>, false>; _Tp = std::__detail::_Hash_node_base*]	16	static
c:\st\stm32cubeide_1.11.0\stm32cubeide\plugins\com.st.stm32cube.ide.mcu.externaltools.gnu-tools-for-stm32.10.3-2021.10.win32_1.0.100.202210260954\tools\arm-none-eabi\include\c++\10.3.1\bits\allocator.h:182:7:constexpr std::allocator< <template-parameter-1-1> >::~allocator() [with _Tp = std::__detail::_Hash_node_base*]	16	static
c:\st\stm32cubeide_1.11.0\stm32cubeide\plugins\com.st.stm32cube.ide.mcu.externaltools.gnu-tools-for-stm32.10.3-2021.10.win32_1.0.100.202210260954\tools\arm-none-eabi\include\c++\10.3.1\bits\ptr_traits.h:156:5:constexpr _Tp* std::__to_address(_Tp*) [with _Tp = std::__detail::_Hash_node_base*]	16	static
c:\st\stm32cubeide_1.11.0\stm32cubeide\plugins\com.st.stm32cube.ide.mcu.externaltools.gnu-tools-for-stm32.10.3-2021.10.win32_1.0.100.202210260954\tools\arm-none-eabi\include\c++\10.3.1\bits\hashtable.h:379:7:bool std::_Hashtable<_Key, _Value, _Alloc, _ExtractKey, _Equal, _H1, _H2, _Hash, _RehashPolicy, _Traits>::_M_uses_single_bucket(std::_Hashtable<_Key, _Value, _Alloc, _ExtractKey, _Equal, _H1, _H2, _Hash, _RehashPolicy, _Traits>::__bucket_type*) const [with _Key = SPI::Peripheral; _Value = std::pair<const SPI::Peripheral, SPI::Instance*>; _Alloc = std::allocator<std::pair<const SPI::Peripheral, SPI::Instance*> >; _ExtractKey = std::__detail::_Select1st; _Equal = std::equal_to<SPI::Peripheral>; _H1 = std::hash<SPI::Peripheral>; _H2 = std::__detail::_Mod_range_hashing; _Hash = std::__detail::_Default_ranged_hash; _RehashPolicy = std::__detail::_Prime_rehash_policy; _Traits = std::__detail::_Hashtable_traits<false, false, true>]	16	static
c:\st\stm32cubeide_1.11.0\stm32cubeide\plugins\com.st.stm32cube.ide.mcu.externaltools.gnu-tools-for-stm32.10.3-2021.10.win32_1.0.100.202210260954\tools\arm-none-eabi\include\c++\10.3.1\bits\ptr_traits.h:146:7:static constexpr _Tp* std::pointer_traits<_Tp*>::pointer_to(std::__make_not_void<_Tp>&) [with _Tp = std::__detail::_Hash_node_base*]	16	static
c:\st\stm32cubeide_1.11.0\stm32cubeide\plugins\com.st.stm32cube.ide.mcu.externaltools.gnu-tools-for-stm32.10.3-2021.10.win32_1.0.100.202210260954\tools\arm-none-eabi\include\c++\10.3.1\bits\hashtable_policy.h:2093:5:void std::__detail::_Hashtable_alloc<_NodeAlloc>::_M_deallocate_buckets(std::__detail::_Hashtable_alloc<_NodeAlloc>::__node_base**, std::size_t) [with _NodeAlloc = std::allocator<std::__detail::_Hash_node<std::pair<const SPI::Peripheral, SPI::Instance*>, false> >]	32	static
c:\st\stm32cubeide_1.11.0\stm32cubeide\plugins\com.st.stm32cube.ide.mcu.externaltools.gnu-tools-for-stm32.10.3-2021.10.win32_1.0.100.202210260954\tools\arm-none-eabi\include\c++\10.3.1\utility:178:9:static constexpr _Tp1& std::__pair_get<0>::__get(std::pair<_T1, _T2>&) [with _Tp1 = const UART::Peripheral; _Tp2 = UART::Instance*]	16	static
c:\st\stm32cubeide_1.11.0\stm32cubeide\plugins\com.st.stm32cube.ide.mcu.externaltools.gnu-tools-for-stm32.10.3-2021.10.win32_1.0.100.202210260954\tools\arm-none-eabi\include\c++\10.3.1\bits\hashtable_policy.h:240:7:const _Value* std::__detail::_Hash_node_value_base<_Value>::_M_valptr() const [with _Value = std::pair<const UART::Peripheral, UART::Instance*>]	16	static
c:\st\stm32cubeide_1.11.0\stm32cubeide\plugins\com.st.stm32cube.ide.mcu.externaltools.gnu-tools-for-stm32.10.3-2021.10.win32_1.0.100.202210260954\tools\arm-none-eabi\include\c++\10.3.1\ext\new_allocator.h:191:7:constexpr __gnu_cxx::new_allocator<_Tp>::size_type __gnu_cxx::new_allocator<_Tp>::_M_max_size() const [with _Tp = std::__detail::_Hash_node<std::pair<const UART::Peripheral, UART::Instance*>, false>]	16	static
c:\st\stm32cubeide_1.11.0\stm32cubeide\plugins\com.st.stm32cube.ide.mcu.externaltools.gnu-tools-for-stm32.10.3-2021.10.win32_1.0.100.202210260954\tools\arm-none-eabi\include\c++\10.3.1\bits\allocator.h:177:2:constexpr std::allocator< <template-parameter-1-1> >::allocator(const std::allocator<_Tp1>&) [with _Tp1 = std::__detail::_Hash_node<std::pair<const UART::Peripheral, UART::Instance*>, false>; _Tp = std::__detail::_Hash_node_base*]	16	static
c:\st\stm32cubeide_1.11.0\stm32cubeide\plugins\com.st.stm32cube.ide.mcu.externaltools.gnu-tools-for-stm32.10.3-2021.10.win32_1.0.100.202210260954\tools\arm-none-eabi\include\c++\10.3.1\bits\hashtable.h:379:7:bool std::_Hashtable<_Key, _Value, _Alloc, _ExtractKey, _Equal, _H1, _H2, _Hash, _RehashPolicy, _Traits>::_M_uses_single_bucket(std::_Hashtable<_Key, _Value, _Alloc, _ExtractKey, _Equal, _H1, _H2, _Hash, _RehashPolicy, _Traits>::__bucket_type*) const [with _Key = UART::Peripheral; _Value = std::pair<const UART::Peripheral, UART::Instance*>; _Alloc = std::allocator<std::pair<const UART::Peripheral, UART::Instance*> >; _ExtractKey = std::__detail::_Select1st; _Equal = std::equal_to<UART::Peripheral>; _H1 = std::hash<UART::Peripheral>; _H2 = std::__detail::_Mod_range_hashing; _Hash = std::__detail::_Default_ranged_hash; _RehashPolicy = std::__detail::_Prime_rehash_policy; _Traits = std::__detail::_Hashtable_traits<false, false, true>]	16	static
c:\st\stm32cubeide_1.11.0\stm32cubeide\plugins\com.st.stm32cube.ide.mcu.externaltools.gnu-tools-for-stm32.10.3-2021.10.win32_1.0.100.202210260954\tools\arm-none-eabi\include\c++\10.3.1\bits\hashtable_policy.h:2093:5:void std::__detail::_Hashtable_alloc<_NodeAlloc>::_M_deallocate_buckets(std::__detail::_Hashtable_alloc<_NodeAlloc>::__node_base**, std::size_t) [with _NodeAlloc = std::allocator<std::__detail::_Hash_node<std::pair<const UART::Peripheral, UART::Instance*>, false> >]	32	static
c:\st\stm32cubeide_1.11.0\stm32cubeide\plugins\com.st.stm32cube.ide.mcu.externaltools.gnu-tools-for-stm32.10.3-2021.10.win32_1.0.100.202210260954\tools\arm-none-eabi\include\c++\10.3.1\ext\new_allocator.h:103:7:_Tp* __gnu_cxx::new_allocator<_Tp>::allocate(__gnu_cxx::new_allocator<_Tp>::size_type, const void*) [with _Tp = std::_Rb_tree_node<std::pair<const std::pair<Pin, Pin>, TimerPeripheral*> >]	24	static
c:\st\stm32cubeide_1.11.0\stm32cubeide\plugins\com.st.stm32cube.ide.mcu.externaltools.gnu-tools-for-stm32.10.3-2021.10.win32_1.0.100.202210260954\tools\arm-none-eabi\include\c++\10.3.1\ext\new_allocator.h:103:7:_Tp* __gnu_cxx::new_allocator<_Tp>::allocate(__gnu_cxx::new_allocator<_Tp>::size_type, const void*) [with _Tp = std::_Rb_tree_node<std::pair<const Pin, InputCapture::Instance> >]	24	static
c:\st\stm32cubeide_1.11.0\stm32cubeide\plugins\com.st.stm32cube.ide.mcu.externaltools.gnu-tools-for-stm32.10.3-2021.10.win32_1.0.100.202210260954\tools\arm-none-eabi\include\c++\10.3.1\ext\new_allocator.h:103:7:_Tp* __gnu_cxx::new_allocator<_Tp>::allocate(__gnu_cxx::new_allocator<_Tp>::size_type, const void*) [with _Tp = std::_Rb_tree_node<std::pair<const short unsigned int, ExternalInterrupt::Instance> >]	24	static
c:\st\stm32cubeide_1.11.0\stm32cubeide\plugins\com.st.stm32cube.ide.mcu.externaltools.gnu-tools-for-stm32.10.3-2021.10.win32_1.0.100.202210260954\tools\arm-none-eabi\include\c++\10.3.1\ext\new_allocator.h:191:7:constexpr __gnu_cxx::new_allocator<_Tp>::size_type __gnu_cxx::new_allocator<_Tp>::_M_max_size() const [with _Tp = std::_Rb_tree_node<std::pair<const Pin, ADC::Instance> >]	16	static
c:\st\stm32cubeide_1.11.0\stm32cubeide\plugins\com.st.stm32cube.ide.mcu.externaltools.gnu-tools-for-stm32.10.3-2021.10.win32_1.0.100.202210260954\tools\arm-none-eabi\include\c++\10.3.1\ext\new_allocator.h:191:7:constexpr __gnu_cxx::new_allocator<_Tp>::size_type __gnu_cxx::new_allocator<_Tp>::_M_max_size() const [with _Tp = std::_Rb_tree_node<std::pair<const std::pair<Pin, Pin>, PWMservice::Instance> >]	16	static
c:\st\stm32cubeide_1.11.0\stm32cubeide\plugins\com.st.stm32cube.ide.mcu.externaltools.gnu-tools-for-stm32.10.3-2021.10.win32_1.0.100.202210260954\tools\arm-none-eabi\include\c++\10.3.1\ext\new_allocator.h:191:7:constexpr __gnu_cxx::new_allocator<_Tp>::size_type __gnu_cxx::new_allocator<_Tp>::_M_max_size() const [with _Tp = std::_Rb_tree_node<std::pair<const Pin, PWMservice::Instance> >]	16	static
c:\st\stm32cubeide_1.11.0\stm32cubeide\plugins\com.st.stm32cube.ide.mcu.externaltools.gnu-tools-for-stm32.10.3-2021.10.win32_1.0.100.202210260954\tools\arm-none-eabi\include\c++\10.3.1\ext\aligned_buffer.h:118:7:const _Tp* __gnu_cxx::__aligned_buffer<_Tp>::_M_ptr() const [with _Tp = std::pair<const SPI::Peripheral, SPI::Instance*>]	16	static
c:\st\stm32cubeide_1.11.0\stm32cubeide\plugins\com.st.stm32cube.ide.mcu.externaltools.gnu-tools-for-stm32.10.3-2021.10.win32_1.0.100.202210260954\tools\arm-none-eabi\include\c++\10.3.1\ext\new_allocator.h:79:7:constexpr __gnu_cxx::new_allocator<_Tp>::new_allocator() [with _Tp = std::__detail::_Hash_node_base*]	16	static
c:\st\stm32cubeide_1.11.0\stm32cubeide\plugins\com.st.stm32cube.ide.mcu.externaltools.gnu-tools-for-stm32.10.3-2021.10.win32_1.0.100.202210260954\tools\arm-none-eabi\include\c++\10.3.1\ext\new_allocator.h:103:7:_Tp* __gnu_cxx::new_allocator<_Tp>::allocate(__gnu_cxx::new_allocator<_Tp>::size_type, const void*) [with _Tp = std::__detail::_Hash_node_base*]	24	static
c:\st\stm32cubeide_1.11.0\stm32cubeide\plugins\com.st.stm32cube.ide.mcu.externaltools.gnu-tools-for-stm32.10.3-2021.10.win32_1.0.100.202210260954\tools\arm-none-eabi\include\c++\10.3.1\bits\move.h:140:5:constexpr _Tp* std::addressof(_Tp&) [with _Tp = std::__detail::_Hash_node_base*]	16	static
c:\st\stm32cubeide_1.11.0\stm32cubeide\plugins\com.st.stm32cube.ide.mcu.externaltools.gnu-tools-for-stm32.10.3-2021.10.win32_1.0.100.202210260954\tools\arm-none-eabi\include\c++\10.3.1\bits\alloc_traits.h:491:7:static constexpr void std::allocator_traits<std::allocator<_Up> >::deallocate(std::allocator_traits<std::allocator<_Up> >::allocator_type&, std::allocator_traits<std::allocator<_Up> >::pointer, std::allocator_traits<std::allocator<_Up> >::size_type) [with _Tp = std::__detail::_Hash_node_base*]	40	static
c:\st\stm32cubeide_1.11.0\stm32cubeide\plugins\com.st.stm32cube.ide.mcu.externaltools.gnu-tools-for-stm32.10.3-2021.10.win32_1.0.100.202210260954\tools\arm-none-eabi\include\c++\10.3.1\ext\aligned_buffer.h:118:7:const _Tp* __gnu_cxx::__aligned_buffer<_Tp>::_M_ptr() const [with _Tp = std::pair<const UART::Peripheral, UART::Instance*>]	16	static
c:\st\stm32cubeide_1.11.0\stm32cubeide\plugins\com.st.stm32cube.ide.mcu.externaltools.gnu-tools-for-stm32.10.3-2021.10.win32_1.0.100.202210260954\tools\arm-none-eabi\include\c++\10.3.1\ext\new_allocator.h:191:7:constexpr __gnu_cxx::new_allocator<_Tp>::size_type __gnu_cxx::new_allocator<_Tp>::_M_max_size() const [with _Tp = std::_Rb_tree_node<std::pair<const std::pair<Pin, Pin>, TimerPeripheral*> >]	16	static
c:\st\stm32cubeide_1.11.0\stm32cubeide\plugins\com.st.stm32cube.ide.mcu.externaltools.gnu-tools-for-stm32.10.3-2021.10.win32_1.0.100.202210260954\tools\arm-none-eabi\include\c++\10.3.1\ext\new_allocator.h:191:7:constexpr __gnu_cxx::new_allocator<_Tp>::size_type __gnu_cxx::new_allocator<_Tp>::_M_max_size() const [with _Tp = std::_Rb_tree_node<std::pair<const Pin, InputCapture::Instance> >]	16	static
c:\st\stm32cubeide_1.11.0\stm32cubeide\plugins\com.st.stm32cube.ide.mcu.externaltools.gnu-tools-for-stm32.10.3-2021.10.win32_1.0.100.202210260954\tools\arm-none-eabi\include\c++\10.3.1\ext\new_allocator.h:191:7:constexpr __gnu_cxx::new_allocator<_Tp>::size_type __gnu_cxx::new_allocator<_Tp>::_M_max_size() const [with _Tp = std::_Rb_tree_node<std::pair<const short unsigned int, ExternalInterrupt::Instance> >]	16	static
c:\st\stm32cubeide_1.11.0\stm32cubeide\plugins\com.st.stm32cube.ide.mcu.externaltools.gnu-tools-for-stm32.10.3-2021.10.win32_1.0.100.202210260954\tools\arm-none-eabi\include\c++\10.3.1\ext\aligned_buffer.h:108:7:const void* __gnu_cxx::__aligned_buffer<_Tp>::_M_addr() const [with _Tp = std::pair<const SPI::Peripheral, SPI::Instance*>]	16	static
c:\st\stm32cubeide_1.11.0\stm32cubeide\plugins\com.st.stm32cube.ide.mcu.externaltools.gnu-tools-for-stm32.10.3-2021.10.win32_1.0.100.202210260954\tools\arm-none-eabi\include\c++\10.3.1\ext\new_allocator.h:191:7:constexpr __gnu_cxx::new_allocator<_Tp>::size_type __gnu_cxx::new_allocator<_Tp>::_M_max_size() const [with _Tp = std::__detail::_Hash_node_base*]	16	static
c:\st\stm32cubeide_1.11.0\stm32cubeide\plugins\com.st.stm32cube.ide.mcu.externaltools.gnu-tools-for-stm32.10.3-2021.10.win32_1.0.100.202210260954\tools\arm-none-eabi\include\c++\10.3.1\bits\move.h:49:5:constexpr _Tp* std::__addressof(_Tp&) [with _Tp = std::__detail::_Hash_node_base*]	16	static
c:\st\stm32cubeide_1.11.0\stm32cubeide\plugins\com.st.stm32cube.ide.mcu.externaltools.gnu-tools-for-stm32.10.3-2021.10.win32_1.0.100.202210260954\tools\arm-none-eabi\include\c++\10.3.1\ext\aligned_buffer.h:108:7:const void* __gnu_cxx::__aligned_buffer<_Tp>::_M_addr() const [with _Tp = std::pair<const UART::Peripheral, UART::Instance*>]	16	static
c:\st\stm32cubeide_1.11.0\stm32cubeide\plugins\com.st.stm32cube.ide.mcu.externaltools.gnu-tools-for-stm32.10.3-2021.10.win32_1.0.100.202210260954\tools\arm-none-eabi\include\c++\10.3.1\ext\new_allocator.h:126:7:void __gnu_cxx::new_allocator<_Tp>::deallocate(_Tp*, __gnu_cxx::new_allocator<_Tp>::size_type) [with _Tp = std::__detail::_Hash_node_base*]	24	static
../Core/Src/main.cpp:1282:1:void __static_initialization_and_destruction_0(int, int)	424	static
../Core/Src/main.cpp:1282:1:cpp)	8	static
../Core/Src/main.cpp:1282:1:cpp)	8	static
