../Core/Src/stm32h7xx_it.c:80:6:NMI_Handler	4	static
../Core/Src/stm32h7xx_it.c:95:6:HardFault_Handler	4	static
../Core/Src/stm32h7xx_it.c:110:6:MemManage_Handler	4	static
../Core/Src/stm32h7xx_it.c:125:6:BusFault_Handler	4	static
../Core/Src/stm32h7xx_it.c:140:6:UsageFault_Handler	4	static
../Core/Src/stm32h7xx_it.c:155:6:SVC_Handler	4	static
../Core/Src/stm32h7xx_it.c:168:6:DebugMon_Handler	4	static
../Core/Src/stm32h7xx_it.c:181:6:PendSV_Handler	4	static
../Core/Src/stm32h7xx_it.c:194:6:SysTick_Handler	8	static
../Core/Src/stm32h7xx_it.c:215:6:EXTI0_IRQHandler	8	static
../Core/Src/stm32h7xx_it.c:229:6:EXTI1_IRQHandler	8	static
../Core/Src/stm32h7xx_it.c:243:6:DMA1_Stream0_IRQHandler	8	static
../Core/Src/stm32h7xx_it.c:257:6:DMA1_Stream1_IRQHandler	8	static
../Core/Src/stm32h7xx_it.c:271:6:DMA1_Stream2_IRQHandler	8	static
../Core/Src/stm32h7xx_it.c:285:6:FDCAN1_IT0_IRQHandler	8	static
../Core/Src/stm32h7xx_it.c:299:6:FDCAN1_IT1_IRQHandler	8	static
../Core/Src/stm32h7xx_it.c:313:6:TIM2_IRQHandler	8	static
../Core/Src/stm32h7xx_it.c:327:6:TIM5_IRQHandler	8	static
../Core/Src/stm32h7xx_it.c:341:6:TIM6_DAC_IRQHandler	8	static
../Core/Src/stm32h7xx_it.c:355:6:ETH_IRQHandler	8	static
../Core/Src/stm32h7xx_it.c:369:6:LPTIM1_IRQHandler	8	static
../Core/Src/stm32h7xx_it.c:383:6:LPTIM2_IRQHandler	8	static
../Core/Src/stm32h7xx_it.c:397:6:LPTIM3_IRQHandler	8	static
../Core/Src/stm32h7xx_it.c:411:6:TIM24_IRQHandler	8	static
